Archive member included to satisfy reference by file (symbol)

/nix/store/3y7lyg1ykgxhlb9sa5iy0gb8hnshb302-gcc-arm-embedded-15.2.rel1/bin/../lib/gcc/arm-none-eabi/15.2.1/../../../../arm-none-eabi/lib/thumb/v8-m.main+fp/softfp/libm.a(libm_a-wf_sqrt.o)
                              CMakeFiles/hello_world.dir/nix/store/prh85xff9skzl4idfajbbc7a27c6179x-pico-sdk-2.2.0/lib/pico-sdk/src/rp2_common/pico_float/float_math.c.o (sqrtf)
/nix/store/3y7lyg1ykgxhlb9sa5iy0gb8hnshb302-gcc-arm-embedded-15.2.rel1/bin/../lib/gcc/arm-none-eabi/15.2.1/../../../../arm-none-eabi/lib/thumb/v8-m.main+fp/softfp/libm.a(libm_a-ef_sqrt.o)
                              /nix/store/3y7lyg1ykgxhlb9sa5iy0gb8hnshb302-gcc-arm-embedded-15.2.rel1/bin/../lib/gcc/arm-none-eabi/15.2.1/../../../../arm-none-eabi/lib/thumb/v8-m.main+fp/softfp/libm.a(libm_a-wf_sqrt.o) (__ieee754_sqrtf)
/nix/store/3y7lyg1ykgxhlb9sa5iy0gb8hnshb302-gcc-arm-embedded-15.2.rel1/bin/../lib/gcc/arm-none-eabi/15.2.1/thumb/v8-m.main+fp/softfp/libgcc.a(_arm_addsubdf3.o)
                              CMakeFiles/hello_world.dir/nix/store/prh85xff9skzl4idfajbbc7a27c6179x-pico-sdk-2.2.0/lib/pico-sdk/src/rp2_common/pico_float/float_math.c.o (__aeabi_f2d)
/nix/store/3y7lyg1ykgxhlb9sa5iy0gb8hnshb302-gcc-arm-embedded-15.2.rel1/bin/../lib/gcc/arm-none-eabi/15.2.1/thumb/v8-m.main+fp/softfp/libgcc.a(_aeabi_ldivmod.o)
                              CMakeFiles/hello_world.dir/nix/store/prh85xff9skzl4idfajbbc7a27c6179x-pico-sdk-2.2.0/lib/pico-sdk/src/common/pico_time/time.c.o (__aeabi_ldivmod)
/nix/store/3y7lyg1ykgxhlb9sa5iy0gb8hnshb302-gcc-arm-embedded-15.2.rel1/bin/../lib/gcc/arm-none-eabi/15.2.1/thumb/v8-m.main+fp/softfp/libgcc.a(_aeabi_uldivmod.o)
                              CMakeFiles/hello_world.dir/nix/store/prh85xff9skzl4idfajbbc7a27c6179x-pico-sdk-2.2.0/lib/pico-sdk/src/rp2_common/hardware_clocks/clocks.c.o (__aeabi_uldivmod)
/nix/store/3y7lyg1ykgxhlb9sa5iy0gb8hnshb302-gcc-arm-embedded-15.2.rel1/bin/../lib/gcc/arm-none-eabi/15.2.1/thumb/v8-m.main+fp/softfp/libgcc.a(_udivmoddi4.o)
                              /nix/store/3y7lyg1ykgxhlb9sa5iy0gb8hnshb302-gcc-arm-embedded-15.2.rel1/bin/../lib/gcc/arm-none-eabi/15.2.1/thumb/v8-m.main+fp/softfp/libgcc.a(_aeabi_ldivmod.o) (__udivmoddi4)
/nix/store/3y7lyg1ykgxhlb9sa5iy0gb8hnshb302-gcc-arm-embedded-15.2.rel1/bin/../lib/gcc/arm-none-eabi/15.2.1/thumb/v8-m.main+fp/softfp/libgcc.a(_dvmd_tls.o)
                              /nix/store/3y7lyg1ykgxhlb9sa5iy0gb8hnshb302-gcc-arm-embedded-15.2.rel1/bin/../lib/gcc/arm-none-eabi/15.2.1/thumb/v8-m.main+fp/softfp/libgcc.a(_aeabi_ldivmod.o) (__aeabi_ldiv0)
/nix/store/3y7lyg1ykgxhlb9sa5iy0gb8hnshb302-gcc-arm-embedded-15.2.rel1/bin/../lib/gcc/arm-none-eabi/15.2.1/../../../../arm-none-eabi/lib/thumb/v8-m.main+fp/softfp/libg.a(libc_a-calloc.o)
                              CMakeFiles/hello_world.dir/nix/store/prh85xff9skzl4idfajbbc7a27c6179x-pico-sdk-2.2.0/lib/pico-sdk/src/rp2_common/pico_malloc/malloc.c.o (calloc)
/nix/store/3y7lyg1ykgxhlb9sa5iy0gb8hnshb302-gcc-arm-embedded-15.2.rel1/bin/../lib/gcc/arm-none-eabi/15.2.1/../../../../arm-none-eabi/lib/thumb/v8-m.main+fp/softfp/libg.a(libc_a-callocr.o)
                              /nix/store/3y7lyg1ykgxhlb9sa5iy0gb8hnshb302-gcc-arm-embedded-15.2.rel1/bin/../lib/gcc/arm-none-eabi/15.2.1/../../../../arm-none-eabi/lib/thumb/v8-m.main+fp/softfp/libg.a(libc_a-calloc.o) (_calloc_r)
/nix/store/3y7lyg1ykgxhlb9sa5iy0gb8hnshb302-gcc-arm-embedded-15.2.rel1/bin/../lib/gcc/arm-none-eabi/15.2.1/../../../../arm-none-eabi/lib/thumb/v8-m.main+fp/softfp/libg.a(libc_a-malloc.o)
                              CMakeFiles/hello_world.dir/nix/store/prh85xff9skzl4idfajbbc7a27c6179x-pico-sdk-2.2.0/lib/pico-sdk/src/rp2_common/pico_malloc/malloc.c.o (malloc)
/nix/store/3y7lyg1ykgxhlb9sa5iy0gb8hnshb302-gcc-arm-embedded-15.2.rel1/bin/../lib/gcc/arm-none-eabi/15.2.1/../../../../arm-none-eabi/lib/thumb/v8-m.main+fp/softfp/libg.a(libc_a-mallocr.o)
                              /nix/store/3y7lyg1ykgxhlb9sa5iy0gb8hnshb302-gcc-arm-embedded-15.2.rel1/bin/../lib/gcc/arm-none-eabi/15.2.1/../../../../arm-none-eabi/lib/thumb/v8-m.main+fp/softfp/libg.a(libc_a-callocr.o) (_malloc_r)
/nix/store/3y7lyg1ykgxhlb9sa5iy0gb8hnshb302-gcc-arm-embedded-15.2.rel1/bin/../lib/gcc/arm-none-eabi/15.2.1/../../../../arm-none-eabi/lib/thumb/v8-m.main+fp/softfp/libg.a(libc_a-mlock.o)
                              /nix/store/3y7lyg1ykgxhlb9sa5iy0gb8hnshb302-gcc-arm-embedded-15.2.rel1/bin/../lib/gcc/arm-none-eabi/15.2.1/../../../../arm-none-eabi/lib/thumb/v8-m.main+fp/softfp/libg.a(libc_a-mallocr.o) (__malloc_lock)
/nix/store/3y7lyg1ykgxhlb9sa5iy0gb8hnshb302-gcc-arm-embedded-15.2.rel1/bin/../lib/gcc/arm-none-eabi/15.2.1/../../../../arm-none-eabi/lib/thumb/v8-m.main+fp/softfp/libg.a(libc_a-realloc.o)
                              CMakeFiles/hello_world.dir/nix/store/prh85xff9skzl4idfajbbc7a27c6179x-pico-sdk-2.2.0/lib/pico-sdk/src/rp2_common/pico_malloc/malloc.c.o (realloc)
[...]
Memory Configuration

Name             Origin             Length             Attributes
FLASH            0x10000000         0x00400000         xr
RAM              0x20000000         0x00080000         xrw
SCRATCH_X        0x20080000         0x00001000         xrw
SCRATCH_Y        0x20081000         0x00001000         xrw
*default*        0x00000000         0xffffffff

Linker script and memory map

LOAD /nix/store/3y7lyg1ykgxhlb9sa5iy0gb8hnshb302-gcc-arm-embedded-15.2.rel1/bin/../lib/gcc/arm-none-eabi/15.2.1/thumb/v8-m.main+fp/softfp/crti.o
LOAD /nix/store/3y7lyg1ykgxhlb9sa5iy0gb8hnshb302-gcc-arm-embedded-15.2.rel1/bin/../lib/gcc/arm-none-eabi/15.2.1/thumb/v8-m.main+fp/softfp/crtbegin.o
LOAD /nix/store/3y7lyg1ykgxhlb9sa5iy0gb8hnshb302-gcc-arm-embedded-15.2.rel1/bin/../lib/gcc/arm-none-eabi/15.2.1/../../../../arm-none-eabi/lib/thumb/v8-m.main+fp/softfp/crt0.o

.flash_begin    0x10000000        0x0
                0x10000000                        __flash_binary_start = .

.text           0x10000000     0x1a64
                0x10000000                        __logical_binary_start = .
 *(.vectors)
 .vectors       0x10000000      0x124 CMakeFiles/hello_world.dir/nix/store/prh85xff9skzl4idfajbbc7a27c6179x-pico-sdk-2.2.0/lib/pico-sdk/src/rp2_common/pico_crt0/crt0.S.o
                0x10000000                __vectors
                0x10000000                __VECTOR_TABLE
                0x10000110                isr_securefault
                0x10000110                isr_irq30
                0x10000110                __unhandled_user_irq
                0x10000110                isr_irq49
                0x10000110                isr_irq13
                0x10000110                isr_irq43
                0x10000110                isr_irq45
                0x10000110                isr_irq27
                0x10000110                isr_irq32
                0x10000110                isr_irq31
                0x10000110                isr_irq5
                0x10000110                isr_irq11
                0x10000110                isr_irq23
                0x10000110                isr_usagefault
                0x10000110                isr_irq48
                0x10000110                isr_irq35
                0x10000110                isr_irq18
                0x10000110                isr_irq50
                0x10000110                isr_irq40
                0x10000110                isr_irq28
                0x10000110                isr_irq19
                0x10000110                isr_irq36
                0x10000110                isr_irq41
                0x10000110                isr_irq0
                0x10000110                isr_irq6
                0x10000110                isr_memmanage
                0x10000110                isr_irq37
                0x10000110                isr_irq42
                0x10000110                isr_irq22
                0x10000110                isr_irq17
                0x10000110                isr_irq38
                0x10000110                isr_irq14
                0x10000110                __vectors_end
                0x10000110                __default_isrs_start
                0x10000110                isr_irq2
                0x10000110                isr_irq10
                0x10000110                isr_irq8
                0x10000110                isr_debugmonitor
                0x10000110                isr_irq24
                0x10000110                isr_irq46
                0x10000110                isr_irq1
                0x10000110                isr_irq47
                0x10000110                isr_irq51
                0x10000110                isr_irq7
                0x10000110                isr_irq21
                0x10000110                isr_irq39
                0x10000110                isr_irq20
                0x10000110                isr_irq15
                0x10000110                isr_irq25
                0x10000110                isr_irq34
                0x10000110                isr_irq4
                0x10000110                isr_busfault
                0x10000110                isr_irq16
                0x10000110                isr_irq44
                0x10000110                isr_irq29
                0x10000110                isr_irq26
                0x10000110                isr_irq33
                0x10000110                isr_irq3
                0x10000110                isr_irq12
                0x10000110                isr_irq9
                0x10000116                unhandled_user_irq_num_in_r0
                0x10000118                isr_invalid
                0x1000011a                isr_nmi
                0x1000011c                isr_hardfault
                0x1000011e                isr_svcall
                0x10000120                isr_pendsv
                0x10000122                isr_systick
                0x10000124                __default_isrs_end
 *(.binary_info_header)
 .binary_info_header
                0x10000124       0x14 CMakeFiles/hello_world.dir/nix/store/prh85xff9skzl4idfajbbc7a27c6179x-pico-sdk-2.2.0/lib/pico-sdk/src/rp2_common/pico_crt0/crt0.S.o
                0x10000138                        __binary_info_header_end = .
 *(.embedded_block)
 .embedded_block
                0x10000138       0x14 CMakeFiles/hello_world.dir/nix/store/prh85xff9skzl4idfajbbc7a27c6179x-pico-sdk-2.2.0/lib/pico-sdk/src/rp2_common/pico_crt0/crt0.S.o
                0x1000014c                        __embedded_block_end = .
 *(.reset)
 .reset         0x1000014c       0x98 CMakeFiles/hello_world.dir/nix/store/prh85xff9skzl4idfajbbc7a27c6179x-pico-sdk-2.2.0/lib/pico-sdk/src/rp2_common/pico_crt0/crt0.S.o
                0x1000014c                _entry_point
 *(.init)
 .init          0x100001e4        0x4 /nix/store/3y7lyg1ykgxhlb9sa5iy0gb8hnshb302-gcc-arm-embedded-15.2.rel1/bin/../lib/gcc/arm-none-eabi/15.2.1/thumb/v8-m.main+fp/softfp/crti.o
                0x100001e4                _init
 *libgcc.a:cmse_nonsecure_call.o()
 *(EXCLUDE_FILE(*libm.a: *libc.a:*lib_a-mem*.o *libgcc.a:) .text*)
 .text.register_tm_clones
                0x100001e8       0x28 /nix/store/3y7lyg1ykgxhlb9sa5iy0gb8hnshb302-gcc-arm-embedded-15.2.rel1/bin/../lib/gcc/arm-none-eabi/15.2.1/thumb/v8-m.main+fp/softfp/crtbegin.o
 .text.frame_dummy
                0x10000210       0x24 /nix/store/3y7lyg1ykgxhlb9sa5iy0gb8hnshb302-gcc-arm-embedded-15.2.rel1/bin/../lib/gcc/arm-none-eabi/15.2.1/thumb/v8-m.main+fp/softfp/crtbegin.o
 .text.startup.main
                0x10000234       0x14 CMakeFiles/hello_world.dir/hello_world.c.o
                0x10000234                main
 .text.setup_default_uart
                0x10000248        0x4 CMakeFiles/hello_world.dir/nix/store/prh85xff9skzl4idfajbbc7a27c6179x-pico-sdk-2.2.0/lib/pico-sdk/src/rp2_common/pico_stdlib/stdlib.c.o
                0x10000248                setup_default_uart
 .text.gpio_set_function
                0x1000024c       0x3c CMakeFiles/hello_world.dir/nix/store/prh85xff9skzl4idfajbbc7a27c6179x-pico-sdk-2.2.0/lib/pico-sdk/src/rp2_common/hardware_gpio/gpio.c.o
                0x1000024c                gpio_set_function
 .text.panic    0x10000288       0x30 CMakeFiles/hello_world.dir/nix/store/prh85xff9skzl4idfajbbc7a27c6179x-pico-sdk-2.2.0/lib/pico-sdk/src/rp2_common/pico_platform_panic/panic.c.o
                0x10000288                panic
 .text.hw_claim_or_assert
                0x100002b8       0x58 CMakeFiles/hello_world.dir/nix/store/prh85xff9skzl4idfajbbc7a27c6179x-pico-sdk-2.2.0/lib/pico-sdk/src/common/hardware_claim/claim.c.o
                0x100002b8                hw_claim_or_assert
 .text.next_striped_spin_lock_num
                0x10000310       0x18 CMakeFiles/hello_world.dir/nix/store/prh85xff9skzl4idfajbbc7a27c6179x-pico-sdk-2.2.0/lib/pico-sdk/src/rp2_common/hardware_sync/sync.c.o
                0x10000310                next_striped_spin_lock_num
 .text.spinlock_set_extexclall
                0x10000328       0x10 CMakeFiles/hello_world.dir/nix/store/prh85xff9skzl4idfajbbc7a27c6179x-pico-sdk-2.2.0/lib/pico-sdk/src/rp2_common/hardware_sync_spin_lock/sync_spin_lock.c.o
 .text.spin_locks_reset
                0x10000338       0x18 CMakeFiles/hello_world.dir/nix/store/prh85xff9skzl4idfajbbc7a27c6179x-pico-sdk-2.2.0/lib/pico-sdk/src/rp2_common/hardware_sync_spin_lock/sync_spin_lock.c.o
                0x10000338                spin_locks_reset
 .text.runtime_init_per_core_irq_priorities
                0x10000350       0x40 CMakeFiles/hello_world.dir/nix/store/prh85xff9skzl4idfajbbc7a27c6179x-pico-sdk-2.2.0/lib/pico-sdk/src/rp2_common/hardware_irq/irq.c.o
                0x10000350                runtime_init_per_core_irq_priorities
 .text.irq_set_enabled
                0x10000390       0x2c CMakeFiles/hello_world.dir/nix/store/prh85xff9skzl4idfajbbc7a27c6179x-pico-sdk-2.2.0/lib/pico-sdk/src/rp2_common/hardware_irq/irq.c.o
                0x10000390                irq_set_enabled
 .text.irq_set_exclusive_handler
                0x100003bc       0x70 CMakeFiles/hello_world.dir/nix/store/prh85xff9skzl4idfajbbc7a27c6179x-pico-sdk-2.2.0/lib/pico-sdk/src/rp2_common/hardware_irq/irq.c.o
                0x100003bc                irq_set_exclusive_handler
 .text.irq_remove_handler
                0x1000042c      0x208 CMakeFiles/hello_world.dir/nix/store/prh85xff9skzl4idfajbbc7a27c6179x-pico-sdk-2.2.0/lib/pico-sdk/src/rp2_common/hardware_irq/irq.c.o
                0x1000042c                irq_remove_handler
 .text.irq_add_tail_to_free_list
                0x10000634       0xcc CMakeFiles/hello_world.dir/nix/store/prh85xff9skzl4idfajbbc7a27c6179x-pico-sdk-2.2.0/lib/pico-sdk/src/rp2_common/hardware_irq/irq.c.o
                0x10000634                irq_add_tail_to_free_list
 .text.lock_init
                0x10000700        0xc CMakeFiles/hello_world.dir/nix/store/prh85xff9skzl4idfajbbc7a27c6179x-pico-sdk-2.2.0/lib/pico-sdk/src/common/pico_sync/lock_core.c.o
                0x10000700                lock_init
 .text.runtime_init_mutex
                0x1000070c       0x4c CMakeFiles/hello_world.dir/nix/store/prh85xff9skzl4idfajbbc7a27c6179x-pico-sdk-2.2.0/lib/pico-sdk/src/common/pico_sync/mutex.c.o
                0x1000070c                runtime_init_mutex
 .text.sleep_until_callback
                0x10000758       0x3c CMakeFiles/hello_world.dir/nix/store/prh85xff9skzl4idfajbbc7a27c6179x-pico-sdk-2.2.0/lib/pico-sdk/src/common/pico_time/time.c.o
 *fill*         0x10000794        0x4 
 .text.alarm_pool_irq_handler
                0x10000798      0x2ec CMakeFiles/hello_world.dir/nix/store/prh85xff9skzl4idfajbbc7a27c6179x-pico-sdk-2.2.0/lib/pico-sdk/src/common/pico_time/time.c.o
 .text.runtime_init_default_alarm_pool
                0x10000a84      0x104 CMakeFiles/hello_world.dir/nix/store/prh85xff9skzl4idfajbbc7a27c6179x-pico-sdk-2.2.0/lib/pico-sdk/src/common/pico_time/time.c.o
                0x10000a84                runtime_init_default_alarm_pool
 .text.alarm_pool_add_alarm_at_force_in_context
                0x10000b88       0xcc CMakeFiles/hello_world.dir/nix/store/prh85xff9skzl4idfajbbc7a27c6179x-pico-sdk-2.2.0/lib/pico-sdk/src/common/pico_time/time.c.o
                0x10000b88                alarm_pool_add_alarm_at_force_in_context
 .text.alarm_pool_cancel_alarm
                0x10000c54       0x84 CMakeFiles/hello_world.dir/nix/store/prh85xff9skzl4idfajbbc7a27c6179x-pico-sdk-2.2.0/lib/pico-sdk/src/common/pico_time/time.c.o
                0x10000c54                alarm_pool_cancel_alarm
 .text.best_effort_wfe_or_timeout
                0x10000cd8       0xf8 CMakeFiles/hello_world.dir/nix/store/prh85xff9skzl4idfajbbc7a27c6179x-pico-sdk-2.2.0/lib/pico-sdk/src/common/pico_time/time.c.o
                0x10000cd8                best_effort_wfe_or_timeout
 .text.timer_hardware_alarm_claim
                0x10000dd0       0x24 CMakeFiles/hello_world.dir/nix/store/prh85xff9skzl4idfajbbc7a27c6179x-pico-sdk-2.2.0/lib/pico-sdk/src/rp2_common/hardware_timer/timer.c.o
                0x10000dd0                timer_hardware_alarm_claim
 .text.timer_time_us_64
                0x10000df4       0x10 CMakeFiles/hello_world.dir/nix/store/prh85xff9skzl4idfajbbc7a27c6179x-pico-sdk-2.2.0/lib/pico-sdk/src/rp2_common/hardware_timer/timer.c.o
                0x10000df4                timer_time_us_64
 .text.time_us_64
                0x10000e04       0x14 CMakeFiles/hello_world.dir/nix/store/prh85xff9skzl4idfajbbc7a27c6179x-pico-sdk-2.2.0/lib/pico-sdk/src/rp2_common/hardware_timer/timer.c.o
                0x10000e04                time_us_64
 .text.busy_wait_us
                0x10000e18       0x60 CMakeFiles/hello_world.dir/nix/store/prh85xff9skzl4idfajbbc7a27c6179x-pico-sdk-2.2.0/lib/pico-sdk/src/rp2_common/hardware_timer/timer.c.o
                0x10000e18                busy_wait_us
 .text.uart_init
                0x10000e78      0x110 CMakeFiles/hello_world.dir/nix/store/prh85xff9skzl4idfajbbc7a27c6179x-pico-sdk-2.2.0/lib/pico-sdk/src/rp2_common/hardware_uart/uart.c.o
                0x10000e78                uart_init
 .text.clock_configure_undivided
                0x10000f88       0xdc CMakeFiles/hello_world.dir/nix/store/prh85xff9skzl4idfajbbc7a27c6179x-pico-sdk-2.2.0/lib/pico-sdk/src/rp2_common/hardware_clocks/clocks.c.o
                0x10000f88                clock_configure_undivided
 .text.clock_get_hz
                0x10001064        0xc CMakeFiles/hello_world.dir/nix/store/prh85xff9skzl4idfajbbc7a27c6179x-pico-sdk-2.2.0/lib/pico-sdk/src/rp2_common/hardware_clocks/clocks.c.o
                0x10001064                clock_get_hz
 .text.pll_init
                0x10001070       0x90 CMakeFiles/hello_world.dir/nix/store/prh85xff9skzl4idfajbbc7a27c6179x-pico-sdk-2.2.0/lib/pico-sdk/src/rp2_common/hardware_pll/pll.c.o
                0x10001070                pll_init
 .text.tick_start
                0x10001100       0x18 CMakeFiles/hello_world.dir/nix/store/prh85xff9skzl4idfajbbc7a27c6179x-pico-sdk-2.2.0/lib/pico-sdk/src/rp2_common/hardware_ticks/ticks.c.o
                0x10001100                tick_start
 .text.rom_func_lookup
                0x10001118       0x18 CMakeFiles/hello_world.dir/nix/store/prh85xff9skzl4idfajbbc7a27c6179x-pico-sdk-2.2.0/lib/pico-sdk/src/rp2_common/pico_bootrom/bootrom.c.o
                0x10001118                rom_func_lookup
 .text.runtime_init_bootrom_locking_enable
                0x10001130       0x14 CMakeFiles/hello_world.dir/nix/store/prh85xff9skzl4idfajbbc7a27c6179x-pico-sdk-2.2.0/lib/pico-sdk/src/rp2_common/pico_bootrom/bootrom_lock.c.o
                0x10001130                runtime_init_bootrom_locking_enable
 .text.runtime_init_boot_locks_reset
                0x10001144       0x1c CMakeFiles/hello_world.dir/nix/store/prh85xff9skzl4idfajbbc7a27c6179x-pico-sdk-2.2.0/lib/pico-sdk/src/rp2_common/hardware_boot_lock/boot_lock.c.o
                0x10001144                runtime_init_boot_locks_reset
 .text.xosc_init
                0x10001160       0x2c CMakeFiles/hello_world.dir/nix/store/prh85xff9skzl4idfajbbc7a27c6179x-pico-sdk-2.2.0/lib/pico-sdk/src/rp2_common/hardware_xosc/xosc.c.o
                0x10001160                xosc_init
 .text.first_per_core_initializer
                0x1000118c        0x4 CMakeFiles/hello_world.dir/nix/store/prh85xff9skzl4idfajbbc7a27c6179x-pico-sdk-2.2.0/lib/pico-sdk/src/rp2_common/pico_runtime/runtime.c.o
 .text.hard_assertion_failure
                0x10001190        0xc CMakeFiles/hello_world.dir/nix/store/prh85xff9skzl4idfajbbc7a27c6179x-pico-sdk-2.2.0/lib/pico-sdk/src/rp2_common/pico_runtime/runtime.c.o
                0x10001190                hard_assertion_failure
 .text.runtime_run_initializers
                0x1000119c       0x20 CMakeFiles/hello_world.dir/nix/store/prh85xff9skzl4idfajbbc7a27c6179x-pico-sdk-2.2.0/lib/pico-sdk/src/rp2_common/pico_runtime/runtime.c.o
                0x1000119c                runtime_run_initializers
 .text.runtime_init_early_resets
                0x100011bc       0x30 CMakeFiles/hello_world.dir/nix/store/prh85xff9skzl4idfajbbc7a27c6179x-pico-sdk-2.2.0/lib/pico-sdk/src/rp2_common/pico_runtime_init/runtime_init.c.o
                0x100011bc                runtime_init_early_resets
 .text.runtime_init_usb_power_down
                0x100011ec       0x1c CMakeFiles/hello_world.dir/nix/store/prh85xff9skzl4idfajbbc7a27c6179x-pico-sdk-2.2.0/lib/pico-sdk/src/rp2_common/pico_runtime_init/runtime_init.c.o
                0x100011ec                runtime_init_usb_power_down
 .text.runtime_init_per_core_enable_coprocessors
                0x10001208       0x1c CMakeFiles/hello_world.dir/nix/store/prh85xff9skzl4idfajbbc7a27c6179x-pico-sdk-2.2.0/lib/pico-sdk/src/rp2_common/pico_runtime_init/runtime_init.c.o
                0x10001208                runtime_init_per_core_enable_coprocessors
 .text.runtime_init_post_clock_resets
                0x10001224       0x20 CMakeFiles/hello_world.dir/nix/store/prh85xff9skzl4idfajbbc7a27c6179x-pico-sdk-2.2.0/lib/pico-sdk/src/rp2_common/pico_runtime_init/runtime_init.c.o
                0x10001224                runtime_init_post_clock_resets
 .text.runtime_init_bootrom_reset
                0x10001244       0x14 CMakeFiles/hello_world.dir/nix/store/prh85xff9skzl4idfajbbc7a27c6179x-pico-sdk-2.2.0/lib/pico-sdk/src/rp2_common/pico_runtime_init/runtime_init.c.o
                0x10001244                runtime_init_bootrom_reset
 .text.runtime_init_per_core_bootrom_reset
                0x10001258       0x14 CMakeFiles/hello_world.dir/nix/store/prh85xff9skzl4idfajbbc7a27c6179x-pico-sdk-2.2.0/lib/pico-sdk/src/rp2_common/pico_runtime_init/runtime_init.c.o
                0x10001258                runtime_init_per_core_bootrom_reset
 .text.runtime_init_spin_locks_reset
                0x1000126c        0x4 CMakeFiles/hello_world.dir/nix/store/prh85xff9skzl4idfajbbc7a27c6179x-pico-sdk-2.2.0/lib/pico-sdk/src/rp2_common/pico_runtime_init/runtime_init.c.o
                0x1000126c                runtime_init_spin_locks_reset
 .text.runtime_init_install_ram_vector_table
                0x10001270       0x68 CMakeFiles/hello_world.dir/nix/store/prh85xff9skzl4idfajbbc7a27c6179x-pico-sdk-2.2.0/lib/pico-sdk/src/rp2_common/pico_runtime_init/runtime_init.c.o
                0x10001270                runtime_init_install_ram_vector_table
 .text.runtime_init_clocks
                0x100012d8       0xdc CMakeFiles/hello_world.dir/nix/store/prh85xff9skzl4idfajbbc7a27c6179x-pico-sdk-2.2.0/lib/pico-sdk/src/rp2_common/pico_runtime_init/runtime_init_clocks.c.o
                0x100012d8                runtime_init_clocks
 .text._out_char
                0x100013b4        0x8 CMakeFiles/hello_world.dir/nix/store/prh85xff9skzl4idfajbbc7a27c6179x-pico-sdk-2.2.0/lib/pico-sdk/src/rp2_common/pico_printf/printf.c.o
 .text.weak_raw_vprintf
                0x100013bc       0x30 CMakeFiles/hello_world.dir/nix/store/prh85xff9skzl4idfajbbc7a27c6179x-pico-sdk-2.2.0/lib/pico-sdk/src/rp2_common/pico_printf/printf.c.o
                0x100013bc                weak_raw_vprintf
 .text._exit    0x100013ec        0x4 CMakeFiles/hello_world.dir/nix/store/prh85xff9skzl4idfajbbc7a27c6179x-pico-sdk-2.2.0/lib/pico-sdk/src/rp2_common/pico_clib_interface/newlib_interface.c.o
                0x100013ec                _exit
 .text.exit     0x100013f0        0x8 CMakeFiles/hello_world.dir/nix/store/prh85xff9skzl4idfajbbc7a27c6179x-pico-sdk-2.2.0/lib/pico-sdk/src/rp2_common/pico_clib_interface/newlib_interface.c.o
                0x100013f0                exit
 .text.runtime_init
                0x100013f8       0x24 CMakeFiles/hello_world.dir/nix/store/prh85xff9skzl4idfajbbc7a27c6179x-pico-sdk-2.2.0/lib/pico-sdk/src/rp2_common/pico_clib_interface/newlib_interface.c.o
                0x100013f8                runtime_init
 .text.stdio_out_chars_no_crlf
                0x1000141c        0x8 CMakeFiles/hello_world.dir/nix/store/prh85xff9skzl4idfajbbc7a27c6179x-pico-sdk-2.2.0/lib/pico-sdk/src/rp2_common/pico_stdio/stdio.c.o
 .text.stdio_out_chars_crlf
                0x10001424       0xc0 CMakeFiles/hello_world.dir/nix/store/prh85xff9skzl4idfajbbc7a27c6179x-pico-sdk-2.2.0/lib/pico-sdk/src/rp2_common/pico_stdio/stdio.c.o
 .text.stdio_put_string
                0x100014e4       0xec CMakeFiles/hello_world.dir/nix/store/prh85xff9skzl4idfajbbc7a27c6179x-pico-sdk-2.2.0/lib/pico-sdk/src/rp2_common/pico_stdio/stdio.c.o
                0x100014e4                stdio_put_string
 .text.stdio_set_driver_enabled
                0x100015d0       0x28 CMakeFiles/hello_world.dir/nix/store/prh85xff9skzl4idfajbbc7a27c6179x-pico-sdk-2.2.0/lib/pico-sdk/src/rp2_common/pico_stdio/stdio.c.o
                0x100015d0                stdio_set_driver_enabled
 .text.__wrap_putchar
                0x100015f8       0x84 CMakeFiles/hello_world.dir/nix/store/prh85xff9skzl4idfajbbc7a27c6179x-pico-sdk-2.2.0/lib/pico-sdk/src/rp2_common/pico_stdio/stdio.c.o
                0x100015f8                stdio_putchar
                0x100015f8                __wrap_putchar
 .text.__wrap_puts
                0x1000167c       0x3c CMakeFiles/hello_world.dir/nix/store/prh85xff9skzl4idfajbbc7a27c6179x-pico-sdk-2.2.0/lib/pico-sdk/src/rp2_common/pico_stdio/stdio.c.o
                0x1000167c                __wrap_puts
                0x1000167c                stdio_puts
 .text.stdio_uart_out_chars
                0x100016b8       0x54 CMakeFiles/hello_world.dir/nix/store/prh85xff9skzl4idfajbbc7a27c6179x-pico-sdk-2.2.0/lib/pico-sdk/src/rp2_common/pico_stdio_uart/stdio_uart.c.o
 .text.stdio_uart_in_chars
                0x1000170c       0x9c CMakeFiles/hello_world.dir/nix/store/prh85xff9skzl4idfajbbc7a27c6179x-pico-sdk-2.2.0/lib/pico-sdk/src/rp2_common/pico_stdio_uart/stdio_uart.c.o
                0x1000170c                stdio_uart_in_chars
 .text.on_uart_rx
                0x100017a8       0x24 CMakeFiles/hello_world.dir/nix/store/prh85xff9skzl4idfajbbc7a27c6179x-pico-sdk-2.2.0/lib/pico-sdk/src/rp2_common/pico_stdio_uart/stdio_uart.c.o
 .text.stdio_uart_out_flush
                0x100017cc       0x10 CMakeFiles/hello_world.dir/nix/store/prh85xff9skzl4idfajbbc7a27c6179x-pico-sdk-2.2.0/lib/pico-sdk/src/rp2_common/pico_stdio_uart/stdio_uart.c.o
 .text.stdio_uart_set_chars_available_callback
                0x100017dc       0x94 CMakeFiles/hello_world.dir/nix/store/prh85xff9skzl4idfajbbc7a27c6179x-pico-sdk-2.2.0/lib/pico-sdk/src/rp2_common/pico_stdio_uart/stdio_uart.c.o
 .text.stdio_uart_init
                0x10001870       0x54 CMakeFiles/hello_world.dir/nix/store/prh85xff9skzl4idfajbbc7a27c6179x-pico-sdk-2.2.0/lib/pico-sdk/src/rp2_common/pico_stdio_uart/stdio_uart.c.o
                0x10001870                stdio_uart_init
 .text          0x100018c4       0xec /nix/store/3y7lyg1ykgxhlb9sa5iy0gb8hnshb302-gcc-arm-embedded-15.2.rel1/bin/../lib/gcc/arm-none-eabi/15.2.1/../../../../arm-none-eabi/lib/thumb/v8-m.main+fp/softfp/libg.a(libc_a-memcpy.o)
                0x100018c4                memcpy
 .text.strlen   0x100019b0       0x5c /nix/store/3y7lyg1ykgxhlb9sa5iy0gb8hnshb302-gcc-arm-embedded-15.2.rel1/bin/../lib/gcc/arm-none-eabi/15.2.1/../../../../arm-none-eabi/lib/thumb/v8-m.main+fp/softfp/libg.a(libc_a-strlen-stub.o)
                0x100019b0                strlen
 *(.fini)
 .fini          0x10001a0c        0x4 /nix/store/3y7lyg1ykgxhlb9sa5iy0gb8hnshb302-gcc-arm-embedded-15.2.rel1/bin/../lib/gcc/arm-none-eabi/15.2.1/thumb/v8-m.main+fp/softfp/crti.o
                0x10001a0c                _fini
 .fini.__stub   0x10001a10       0x10 linker stubs
 *crtbegin.o(.ctors)
 *crtbegin?.o(.ctors)
 *(EXCLUDE_FILE(*crtend.o *crtend?.o) .ctors)
 *(SORT_BY_NAME(.ctors.*))
 *(.ctors)
 *crtbegin.o(.dtors)
 *crtbegin?.o(.dtors)
 *(EXCLUDE_FILE(*crtend.o *crtend?.o) .dtors)
 *(SORT_BY_NAME(.dtors.*))
 *(.dtors)
                0x10001a20                        . = ALIGN (0x4)
                0x10001a20                        PROVIDE (__preinit_array_start = .)
 *(SORT_BY_NAME(.preinit_array.*))
 .preinit_array.00050
                0x10001a20        0x4 CMakeFiles/hello_world.dir/nix/store/prh85xff9skzl4idfajbbc7a27c6179x-pico-sdk-2.2.0/lib/pico-sdk/src/rp2_common/pico_runtime_init/runtime_init.c.o
                0x10001a20                __pre_init_runtime_init_bootrom_reset
 .preinit_array.00100
                0x10001a24        0x4 CMakeFiles/hello_world.dir/nix/store/prh85xff9skzl4idfajbbc7a27c6179x-pico-sdk-2.2.0/lib/pico-sdk/src/rp2_common/pico_runtime_init/runtime_init.c.o
                0x10001a24                __pre_init_runtime_init_early_resets
 .preinit_array.00101
                0x10001a28        0x4 CMakeFiles/hello_world.dir/nix/store/prh85xff9skzl4idfajbbc7a27c6179x-pico-sdk-2.2.0/lib/pico-sdk/src/rp2_common/pico_runtime_init/runtime_init.c.o
                0x10001a28                __pre_init_runtime_init_usb_power_down
 .preinit_array.00500
                0x10001a2c        0x4 CMakeFiles/hello_world.dir/nix/store/prh85xff9skzl4idfajbbc7a27c6179x-pico-sdk-2.2.0/lib/pico-sdk/src/rp2_common/pico_runtime_init/runtime_init.c.o
                0x10001a2c                __pre_init_runtime_init_clocks
 .preinit_array.00600
                0x10001a30        0x4 CMakeFiles/hello_world.dir/nix/store/prh85xff9skzl4idfajbbc7a27c6179x-pico-sdk-2.2.0/lib/pico-sdk/src/rp2_common/pico_runtime_init/runtime_init.c.o
                0x10001a30                __pre_init_runtime_init_post_clock_resets
 .preinit_array.01000
                0x10001a34        0x4 CMakeFiles/hello_world.dir/nix/store/prh85xff9skzl4idfajbbc7a27c6179x-pico-sdk-2.2.0/lib/pico-sdk/src/rp2_common/hardware_boot_lock/boot_lock.c.o
                0x10001a34                __pre_init_runtime_init_boot_locks_reset
 .preinit_array.01000
                0x10001a38        0x4 CMakeFiles/hello_world.dir/nix/store/prh85xff9skzl4idfajbbc7a27c6179x-pico-sdk-2.2.0/lib/pico-sdk/src/rp2_common/pico_runtime_init/runtime_init.c.o
                0x10001a38                __pre_init_runtime_init_spin_locks_reset
 .preinit_array.01010
                0x10001a3c        0x4 CMakeFiles/hello_world.dir/nix/store/prh85xff9skzl4idfajbbc7a27c6179x-pico-sdk-2.2.0/lib/pico-sdk/src/rp2_common/pico_bootrom/bootrom_lock.c.o
                0x10001a3c                __pre_init_runtime_init_bootrom_locking_enable
 .preinit_array.01100
                0x10001a40        0x4 CMakeFiles/hello_world.dir/nix/store/prh85xff9skzl4idfajbbc7a27c6179x-pico-sdk-2.2.0/lib/pico-sdk/src/common/pico_sync/mutex.c.o
                0x10001a40                __pre_init_runtime_init_mutex
 .preinit_array.10080
                0x10001a44        0x4 CMakeFiles/hello_world.dir/nix/store/prh85xff9skzl4idfajbbc7a27c6179x-pico-sdk-2.2.0/lib/pico-sdk/src/rp2_common/pico_runtime_init/runtime_init.c.o
                0x10001a44                __pre_init_runtime_init_install_ram_vector_table
 .preinit_array.11000
                0x10001a48        0x4 CMakeFiles/hello_world.dir/nix/store/prh85xff9skzl4idfajbbc7a27c6179x-pico-sdk-2.2.0/lib/pico-sdk/src/common/pico_time/time.c.o
                0x10001a48                __pre_init_runtime_init_default_alarm_pool
 .preinit_array.YYYYY
                0x10001a4c        0x4 CMakeFiles/hello_world.dir/nix/store/prh85xff9skzl4idfajbbc7a27c6179x-pico-sdk-2.2.0/lib/pico-sdk/src/rp2_common/pico_runtime/runtime.c.o
                0x10001a4c                __pre_init_first_per_core_initializer
 .preinit_array.ZZZZZ.00051
                0x10001a50        0x4 CMakeFiles/hello_world.dir/nix/store/prh85xff9skzl4idfajbbc7a27c6179x-pico-sdk-2.2.0/lib/pico-sdk/src/rp2_common/pico_runtime_init/runtime_init.c.o
                0x10001a50                __pre_init_runtime_init_per_core_bootrom_reset
 .preinit_array.ZZZZZ.00200
                0x10001a54        0x4 CMakeFiles/hello_world.dir/nix/store/prh85xff9skzl4idfajbbc7a27c6179x-pico-sdk-2.2.0/lib/pico-sdk/src/rp2_common/pico_runtime_init/runtime_init.c.o
                0x10001a54                __pre_init_runtime_init_per_core_enable_coprocessors
 .preinit_array.ZZZZZ.01000
                0x10001a58        0x4 CMakeFiles/hello_world.dir/nix/store/prh85xff9skzl4idfajbbc7a27c6179x-pico-sdk-2.2.0/lib/pico-sdk/src/rp2_common/hardware_sync_spin_lock/sync_spin_lock.c.o
                0x10001a58                __pre_init_spinlock_set_extexclall
 .preinit_array.ZZZZZ.01200
                0x10001a5c        0x4 CMakeFiles/hello_world.dir/nix/store/prh85xff9skzl4idfajbbc7a27c6179x-pico-sdk-2.2.0/lib/pico-sdk/src/rp2_common/hardware_irq/irq.c.o
                0x10001a5c                __pre_init_runtime_init_per_core_irq_priorities
 *(.preinit_array)
                0x10001a60                        PROVIDE (__preinit_array_end = .)
                0x10001a60                        . = ALIGN (0x4)
                0x10001a60                        PROVIDE (__init_array_start = .)
 *(SORT_BY_NAME(.init_array.*))
 *(.init_array)
 .init_array    0x10001a60        0x4 /nix/store/3y7lyg1ykgxhlb9sa5iy0gb8hnshb302-gcc-arm-embedded-15.2.rel1/bin/../lib/gcc/arm-none-eabi/15.2.1/thumb/v8-m.main+fp/softfp/crtbegin.o
                0x10001a64                        PROVIDE (__init_array_end = .)
                0x10001a64                        . = ALIGN (0x4)
                [!provide]                        PROVIDE (__fini_array_start = .)
 *(SORT_BY_NAME(.fini_array.*))
 *(.fini_array)
                [!provide]                        PROVIDE (__fini_array_end = .)
 *(.eh_frame*)
 .eh_frame      0x10001a64        0x0 /nix/store/3y7lyg1ykgxhlb9sa5iy0gb8hnshb302-gcc-arm-embedded-15.2.rel1/bin/../lib/gcc/arm-none-eabi/15.2.1/thumb/v8-m.main+fp/softfp/crtbegin.o
                0x10001a64                        . = ALIGN (0x4)

.glue_7         0x10001a64        0x0
 .glue_7        0x10001a64        0x0 linker stubs

.glue_7t        0x10001a64        0x0
 .glue_7t       0x10001a64        0x0 linker stubs

.vfp11_veneer   0x10001a64        0x0
 .vfp11_veneer  0x10001a64        0x0 linker stubs

.v4_bx          0x10001a64        0x0
 .v4_bx         0x10001a64        0x0 linker stubs

.iplt           0x10001a64        0x0
 .iplt          0x10001a64        0x0 /nix/store/3y7lyg1ykgxhlb9sa5iy0gb8hnshb302-gcc-arm-embedded-15.2.rel1/bin/../lib/gcc/arm-none-eabi/15.2.1/thumb/v8-m.main+fp/softfp/crtbegin.o

.boot2          0x10001a64        0x0
                0x10001a64                        __boot2_start__ = .
 *(.boot2)
                0x10001a64                        __boot2_end__ = .
                0x00000001                        ASSERT (((__boot2_end__ - __boot2_start__) <= 0x100), ERROR: Pico second stage bootloader must be no more than 256 bytes in size)

.rodata         0x10001a64      0x134
 *(EXCLUDE_FILE(*libm.a: *libc.a:*lib_a-mem*.o *libgcc.a:) .rodata*)
 .rodata.main.str1.4
                0x10001a64       0xc0 CMakeFiles/hello_world.dir/hello_world.c.o
                                  0xe (size before relaxing)
 .rodata.panic.str1.4
                0x10001b24        0x0 CMakeFiles/hello_world.dir/nix/store/prh85xff9skzl4idfajbbc7a27c6179x-pico-sdk-2.2.0/lib/pico-sdk/src/rp2_common/pico_platform_panic/panic.c.o
                                 0x12 (size before relaxing)
 .rodata.timer_hardware_alarm_claim.str1.4
                0x10001b24        0x0 CMakeFiles/hello_world.dir/nix/store/prh85xff9skzl4idfajbbc7a27c6179x-pico-sdk-2.2.0/lib/pico-sdk/src/rp2_common/hardware_timer/timer.c.o
                                 0x22 (size before relaxing)
 .rodata.hard_assertion_failure.str1.4
                0x10001b24        0x0 CMakeFiles/hello_world.dir/nix/store/prh85xff9skzl4idfajbbc7a27c6179x-pico-sdk-2.2.0/lib/pico-sdk/src/rp2_common/pico_runtime/runtime.c.o
                                  0xc (size before relaxing)
 .rodata.str1.4
                0x10001b24        0x0 CMakeFiles/hello_world.dir/nix/store/prh85xff9skzl4idfajbbc7a27c6179x-pico-sdk-2.2.0/lib/pico-sdk/src/rp2_common/pico_standard_binary_info/standard_binary_info.c.o
                                 0x40 (size before relaxing)
 .rodata.__bi_84
                0x10001b24        0xc CMakeFiles/hello_world.dir/nix/store/prh85xff9skzl4idfajbbc7a27c6179x-pico-sdk-2.2.0/lib/pico-sdk/src/rp2_common/pico_standard_binary_info/standard_binary_info.c.o
 .rodata.__bi_78
                0x10001b30        0xc CMakeFiles/hello_world.dir/nix/store/prh85xff9skzl4idfajbbc7a27c6179x-pico-sdk-2.2.0/lib/pico-sdk/src/rp2_common/pico_standard_binary_info/standard_binary_info.c.o
 .rodata.__bi_54
                0x10001b3c        0xc CMakeFiles/hello_world.dir/nix/store/prh85xff9skzl4idfajbbc7a27c6179x-pico-sdk-2.2.0/lib/pico-sdk/src/rp2_common/pico_standard_binary_info/standard_binary_info.c.o
 .rodata.__bi_48
                0x10001b48        0xc CMakeFiles/hello_world.dir/nix/store/prh85xff9skzl4idfajbbc7a27c6179x-pico-sdk-2.2.0/lib/pico-sdk/src/rp2_common/pico_standard_binary_info/standard_binary_info.c.o
 .rodata.__bi_42
                0x10001b54        0xc CMakeFiles/hello_world.dir/nix/store/prh85xff9skzl4idfajbbc7a27c6179x-pico-sdk-2.2.0/lib/pico-sdk/src/rp2_common/pico_standard_binary_info/standard_binary_info.c.o
 .rodata.__bi_34
                0x10001b60        0xc CMakeFiles/hello_world.dir/nix/store/prh85xff9skzl4idfajbbc7a27c6179x-pico-sdk-2.2.0/lib/pico-sdk/src/rp2_common/pico_standard_binary_info/standard_binary_info.c.o
 .rodata.__bi_26
                0x10001b6c        0xc CMakeFiles/hello_world.dir/nix/store/prh85xff9skzl4idfajbbc7a27c6179x-pico-sdk-2.2.0/lib/pico-sdk/src/rp2_common/pico_standard_binary_info/standard_binary_info.c.o
 .rodata.crlf_str.0
                0x10001b78        0x2 CMakeFiles/hello_world.dir/nix/store/prh85xff9skzl4idfajbbc7a27c6179x-pico-sdk-2.2.0/lib/pico-sdk/src/rp2_common/pico_stdio/stdio.c.o
 .rodata.str1.4
                0x10001b7a        0x0 CMakeFiles/hello_world.dir/nix/store/prh85xff9skzl4idfajbbc7a27c6179x-pico-sdk-2.2.0/lib/pico-sdk/src/rp2_common/pico_stdio_uart/stdio_uart.c.o
                                 0x2c (size before relaxing)
 *fill*         0x10001b7a        0x2 
 .rodata.__bi_45.4
                0x10001b7c        0xc CMakeFiles/hello_world.dir/nix/store/prh85xff9skzl4idfajbbc7a27c6179x-pico-sdk-2.2.0/lib/pico-sdk/src/rp2_common/pico_stdio_uart/stdio_uart.c.o
 .rodata.__bi_49.5
                0x10001b88        0x8 CMakeFiles/hello_world.dir/nix/store/prh85xff9skzl4idfajbbc7a27c6179x-pico-sdk-2.2.0/lib/pico-sdk/src/rp2_common/pico_stdio_uart/stdio_uart.c.o
 .rodata.__bi_50.6
                0x10001b90        0x8 CMakeFiles/hello_world.dir/nix/store/prh85xff9skzl4idfajbbc7a27c6179x-pico-sdk-2.2.0/lib/pico-sdk/src/rp2_common/pico_stdio_uart/stdio_uart.c.o
 *(.srodata*)
                0x10001b98                        . = ALIGN (0x4)
 *(SORT_BY_ALIGNMENT(SORT_BY_NAME(.flashdata*)))
                0x10001b98                        . = ALIGN (0x4)

.ARM.extab
 *(.ARM.extab* .gnu.linkonce.armextab.*)
                0x10001b98                        __exidx_start = .

.ARM.exidx      0x10001b98        0x8
 *(.ARM.exidx* .gnu.linkonce.armexidx.*)
 .ARM.exidx     0x10001b98        0x8 /nix/store/3y7lyg1ykgxhlb9sa5iy0gb8hnshb302-gcc-arm-embedded-15.2.rel1/bin/../lib/gcc/arm-none-eabi/15.2.1/../../../../arm-none-eabi/lib/thumb/v8-m.main+fp/softfp/libg.a(libc_a-memcpy.o)
                0x10001ba0                        __exidx_end = .
                0x10001ba0                        . = ALIGN (0x4)
                0x10001ba0                        __binary_info_start = .

.binary_info    0x10001ba0       0x28
 *(.binary_info.keep.*)
 .binary_info.keep.__bi_ptr84
                0x10001ba0        0x4 CMakeFiles/hello_world.dir/nix/store/prh85xff9skzl4idfajbbc7a27c6179x-pico-sdk-2.2.0/lib/pico-sdk/src/rp2_common/pico_standard_binary_info/standard_binary_info.c.o
 .binary_info.keep.__bi_ptr78
                0x10001ba4        0x4 CMakeFiles/hello_world.dir/nix/store/prh85xff9skzl4idfajbbc7a27c6179x-pico-sdk-2.2.0/lib/pico-sdk/src/rp2_common/pico_standard_binary_info/standard_binary_info.c.o
 .binary_info.keep.__bi_ptr54
                0x10001ba8        0x4 CMakeFiles/hello_world.dir/nix/store/prh85xff9skzl4idfajbbc7a27c6179x-pico-sdk-2.2.0/lib/pico-sdk/src/rp2_common/pico_standard_binary_info/standard_binary_info.c.o
 .binary_info.keep.__bi_ptr48
                0x10001bac        0x4 CMakeFiles/hello_world.dir/nix/store/prh85xff9skzl4idfajbbc7a27c6179x-pico-sdk-2.2.0/lib/pico-sdk/src/rp2_common/pico_standard_binary_info/standard_binary_info.c.o
 .binary_info.keep.__bi_ptr42
                0x10001bb0        0x4 CMakeFiles/hello_world.dir/nix/store/prh85xff9skzl4idfajbbc7a27c6179x-pico-sdk-2.2.0/lib/pico-sdk/src/rp2_common/pico_standard_binary_info/standard_binary_info.c.o
 .binary_info.keep.__bi_ptr34
                0x10001bb4        0x4 CMakeFiles/hello_world.dir/nix/store/prh85xff9skzl4idfajbbc7a27c6179x-pico-sdk-2.2.0/lib/pico-sdk/src/rp2_common/pico_standard_binary_info/standard_binary_info.c.o
 .binary_info.keep.__bi_ptr26
                0x10001bb8        0x4 CMakeFiles/hello_world.dir/nix/store/prh85xff9skzl4idfajbbc7a27c6179x-pico-sdk-2.2.0/lib/pico-sdk/src/rp2_common/pico_standard_binary_info/standard_binary_info.c.o
 *(.binary_info.*)
 .binary_info.__bi_ptr50
                0x10001bbc        0x4 CMakeFiles/hello_world.dir/nix/store/prh85xff9skzl4idfajbbc7a27c6179x-pico-sdk-2.2.0/lib/pico-sdk/src/rp2_common/pico_stdio_uart/stdio_uart.c.o
 .binary_info.__bi_ptr49
                0x10001bc0        0x4 CMakeFiles/hello_world.dir/nix/store/prh85xff9skzl4idfajbbc7a27c6179x-pico-sdk-2.2.0/lib/pico-sdk/src/rp2_common/pico_stdio_uart/stdio_uart.c.o
 .binary_info.__bi_ptr45
                0x10001bc4        0x4 CMakeFiles/hello_world.dir/nix/store/prh85xff9skzl4idfajbbc7a27c6179x-pico-sdk-2.2.0/lib/pico-sdk/src/rp2_common/pico_stdio_uart/stdio_uart.c.o
                0x10001bc8                        __binary_info_end = .
                0x10001bc8                        . = ALIGN (0x4)

.ram_vector_table
                0x20000000      0x110
 *(.ram_vector_table)
 .ram_vector_table
                0x20000000      0x110 CMakeFiles/hello_world.dir/nix/store/prh85xff9skzl4idfajbbc7a27c6179x-pico-sdk-2.2.0/lib/pico-sdk/src/rp2_common/pico_runtime_init/runtime_init.c.o
                0x20000000                ram_vector_table

.uninitialized_data
                0x20000110        0x0
                0x20000110                        . = ALIGN (0x4)
 *(.uninitialized_data*)

.data           0x20000110      0x19c load address 0x10001bc8
                0x20000110                        __data_start__ = .
 *(vtable)
 *(.time_critical*)
 .time_critical.mutex_enter_block_until
                0x20000110       0x6c CMakeFiles/hello_world.dir/nix/store/prh85xff9skzl4idfajbbc7a27c6179x-pico-sdk-2.2.0/lib/pico-sdk/src/common/pico_sync/mutex.c.o
                0x20000110                mutex_enter_block_until
 .time_critical.mutex_try_enter_block_until
                0x2000017c       0x68 CMakeFiles/hello_world.dir/nix/store/prh85xff9skzl4idfajbbc7a27c6179x-pico-sdk-2.2.0/lib/pico-sdk/src/common/pico_sync/mutex.c.o
                0x2000017c                mutex_try_enter_block_until
 .time_critical.mutex_exit
                0x200001e4       0x3c CMakeFiles/hello_world.dir/nix/store/prh85xff9skzl4idfajbbc7a27c6179x-pico-sdk-2.2.0/lib/pico-sdk/src/common/pico_sync/mutex.c.o
                0x200001e4                mutex_exit
 .time_critical.mutex_exit.__stub
                0x20000220        0x8 linker stubs
 *(.text*)
                0x20000228                        . = ALIGN (0x4)
 *(.rodata*)
                0x20000228                        . = ALIGN (0x4)
 *(.data*)
 .data.striped_spin_lock_num
                0x20000228        0x1 CMakeFiles/hello_world.dir/nix/store/prh85xff9skzl4idfajbbc7a27c6179x-pico-sdk-2.2.0/lib/pico-sdk/src/rp2_common/hardware_sync/sync.c.o
 *fill*         0x20000229        0x3 
 .data          0x2000022c       0x48 CMakeFiles/hello_world.dir/nix/store/prh85xff9skzl4idfajbbc7a27c6179x-pico-sdk-2.2.0/lib/pico-sdk/src/rp2_common/hardware_irq/irq_handler_chain.S.o
                0x2000022c                irq_handler_chain_slots
                0x2000025c                irq_handler_chain_first_slot
                0x20000266                irq_handler_chain_remove_tail
 .data.default_alarm_pool
                0x20000274       0x18 CMakeFiles/hello_world.dir/nix/store/prh85xff9skzl4idfajbbc7a27c6179x-pico-sdk-2.2.0/lib/pico-sdk/src/common/pico_time/time.c.o
 .data.stdio_uart
                0x2000028c       0x18 CMakeFiles/hello_world.dir/nix/store/prh85xff9skzl4idfajbbc7a27c6179x-pico-sdk-2.2.0/lib/pico-sdk/src/rp2_common/pico_stdio_uart/stdio_uart.c.o
                0x2000028c                stdio_uart
 *(.sdata*)
                0x200002a4                        . = ALIGN (0x4)
 *(.after_data.*)
                0x200002a4                        . = ALIGN (0x4)
                0x200002a4                        PROVIDE (__mutex_array_start = .)
 *(SORT_BY_NAME(.mutex_array.*))
 *(.mutex_array)
 .mutex_array   0x200002a4        0x8 CMakeFiles/hello_world.dir/nix/store/prh85xff9skzl4idfajbbc7a27c6179x-pico-sdk-2.2.0/lib/pico-sdk/src/rp2_common/pico_stdio/stdio.c.o
                0x200002ac                        PROVIDE (__mutex_array_end = .)
 *(.jcr)
                0x200002ac                        . = ALIGN (0x4)

.tm_clone_table
                0x200002ac        0x0 load address 0x10001d64
 .tm_clone_table
                0x200002ac        0x0 /nix/store/3y7lyg1ykgxhlb9sa5iy0gb8hnshb302-gcc-arm-embedded-15.2.rel1/bin/../lib/gcc/arm-none-eabi/15.2.1/thumb/v8-m.main+fp/softfp/crtbegin.o
 .tm_clone_table
                0x200002ac        0x0 /nix/store/3y7lyg1ykgxhlb9sa5iy0gb8hnshb302-gcc-arm-embedded-15.2.rel1/bin/../lib/gcc/arm-none-eabi/15.2.1/thumb/v8-m.main+fp/softfp/crtend.o

.igot.plt       0x200002ac        0x0 load address 0x10001d64
 .igot.plt      0x200002ac        0x0 /nix/store/3y7lyg1ykgxhlb9sa5iy0gb8hnshb302-gcc-arm-embedded-15.2.rel1/bin/../lib/gcc/arm-none-eabi/15.2.1/thumb/v8-m.main+fp/softfp/crtbegin.o

.tdata          0x200002ac        0x0 load address 0x10001d64
                0x200002ac                        . = ALIGN (0x4)
 *(.tdata .tdata.* .gnu.linkonce.td.*)
                0x200002ac                        __tdata_end = .
                0x200002ac                        PROVIDE (__data_end__ = .)
                0x10001bc8                        __etext = LOADADDR (.data)

.tbss           0x200002ac        0x0 load address 0x10001d64
                0x200002ac                        . = ALIGN (0x4)
                0x200002ac                        __bss_start__ = .
                0x200002ac                        __tls_base = .
 *(.tbss .tbss.* .gnu.linkonce.tb.*)
 *(.tcommon)
                0x200002ac                        __tls_end = .

.bss            0x200002b0      0x228 load address 0x10001d64
                0x200002b0                        . = ALIGN (0x4)
                0x200002b0                        __tbss_end = .
 *(SORT_BY_ALIGNMENT(SORT_BY_NAME(.bss*)))
 .bss.default_alarm_pool_entries
                0x200002b0      0x180 CMakeFiles/hello_world.dir/nix/store/prh85xff9skzl4idfajbbc7a27c6179x-pico-sdk-2.2.0/lib/pico-sdk/src/common/pico_time/time.c.o
 .bss._sw_spin_locks
                0x20000430       0x20 CMakeFiles/hello_world.dir/nix/store/prh85xff9skzl4idfajbbc7a27c6179x-pico-sdk-2.2.0/lib/pico-sdk/src/rp2_common/hardware_sync_spin_lock/sync_spin_lock.c.o
                0x20000430                _sw_spin_locks
 .bss.chars_available_callback
                0x20000450        0x4 CMakeFiles/hello_world.dir/nix/store/prh85xff9skzl4idfajbbc7a27c6179x-pico-sdk-2.2.0/lib/pico-sdk/src/rp2_common/pico_stdio_uart/stdio_uart.c.o
 .bss.chars_available_param
                0x20000454        0x4 CMakeFiles/hello_world.dir/nix/store/prh85xff9skzl4idfajbbc7a27c6179x-pico-sdk-2.2.0/lib/pico-sdk/src/rp2_common/pico_stdio_uart/stdio_uart.c.o
 .bss.claimed   0x20000458        0x2 CMakeFiles/hello_world.dir/nix/store/prh85xff9skzl4idfajbbc7a27c6179x-pico-sdk-2.2.0/lib/pico-sdk/src/rp2_common/hardware_timer/timer.c.o
 *fill*         0x2000045a        0x2 
 .bss.configured_freq
                0x2000045c       0x28 CMakeFiles/hello_world.dir/nix/store/prh85xff9skzl4idfajbbc7a27c6179x-pico-sdk-2.2.0/lib/pico-sdk/src/rp2_common/hardware_clocks/clocks.c.o
 .bss.drivers   0x20000484        0x4 CMakeFiles/hello_world.dir/nix/store/prh85xff9skzl4idfajbbc7a27c6179x-pico-sdk-2.2.0/lib/pico-sdk/src/rp2_common/pico_stdio/stdio.c.o
 .bss.filter    0x20000488        0x4 CMakeFiles/hello_world.dir/nix/store/prh85xff9skzl4idfajbbc7a27c6179x-pico-sdk-2.2.0/lib/pico-sdk/src/rp2_common/pico_stdio/stdio.c.o
 .bss.lazy_vsnprintf
                0x2000048c        0x4 CMakeFiles/hello_world.dir/nix/store/prh85xff9skzl4idfajbbc7a27c6179x-pico-sdk-2.2.0/lib/pico-sdk/src/rp2_common/pico_printf/printf.c.o
 .bss.object.0  0x20000490       0x18 /nix/store/3y7lyg1ykgxhlb9sa5iy0gb8hnshb302-gcc-arm-embedded-15.2.rel1/bin/../lib/gcc/arm-none-eabi/15.2.1/thumb/v8-m.main+fp/softfp/crtbegin.o
 .bss.pools     0x200004a8       0x20 CMakeFiles/hello_world.dir/nix/store/prh85xff9skzl4idfajbbc7a27c6179x-pico-sdk-2.2.0/lib/pico-sdk/src/common/pico_time/time.c.o
 .bss.sleep_notifier
                0x200004c8        0x4 CMakeFiles/hello_world.dir/nix/store/prh85xff9skzl4idfajbbc7a27c6179x-pico-sdk-2.2.0/lib/pico-sdk/src/common/pico_time/time.c.o
 .bss.uart_char_to_line_feed
                0x200004cc        0x4 CMakeFiles/hello_world.dir/nix/store/prh85xff9skzl4idfajbbc7a27c6179x-pico-sdk-2.2.0/lib/pico-sdk/src/rp2_common/hardware_uart/uart.c.o
                0x200004cc                uart_char_to_line_feed
 .bss.uart_instance
                0x200004d0        0x4 CMakeFiles/hello_world.dir/nix/store/prh85xff9skzl4idfajbbc7a27c6179x-pico-sdk-2.2.0/lib/pico-sdk/src/rp2_common/pico_stdio_uart/stdio_uart.c.o
 .bss.irq_handler_chain_free_slot_head
                0x200004d4        0x1 CMakeFiles/hello_world.dir/nix/store/prh85xff9skzl4idfajbbc7a27c6179x-pico-sdk-2.2.0/lib/pico-sdk/src/rp2_common/hardware_irq/irq.c.o
 *(COMMON)
                [!provide]                        PROVIDE (__global_pointer$ = (. + 0x800))
 *(.sbss*)
                0x200004d8                        . = ALIGN (0x4)
 *fill*         0x200004d5        0x3 
                0x200004d8                        __bss_end__ = .

.heap           0x200004d8      0x800 load address 0x10001d64
                0x200004d8                        __end__ = .
                0x200004d8                        end = __end__
 *(.heap*)
 .heap          0x200004d8      0x800 CMakeFiles/hello_world.dir/nix/store/prh85xff9skzl4idfajbbc7a27c6179x-pico-sdk-2.2.0/lib/pico-sdk/src/rp2_common/pico_crt0/crt0.S.o
                0x20080000                        __HeapLimit = (ORIGIN (RAM) + LENGTH (RAM))

.scratch_x      0x20080000        0x0 load address 0x10001d64
                0x20080000                        __scratch_x_start__ = .
 *(.scratch_x.*)
                0x20080000                        . = ALIGN (0x4)
                0x20080000                        __scratch_x_end__ = .
                0x10001d64                        __scratch_x_source__ = LOADADDR (.scratch_x)

.scratch_y      0x20081000        0x0 load address 0x10001d64
                0x20081000                        __scratch_y_start__ = .
 *(.scratch_y.*)
                0x20081000                        . = ALIGN (0x4)
                0x20081000                        __scratch_y_end__ = .
                0x10001d64                        __scratch_y_source__ = LOADADDR (.scratch_y)

.stack1_dummy
 *(.stack1*)

.stack_dummy    0x20081000      0x800
 *(.stack*)
 .stack         0x20081000      0x800 CMakeFiles/hello_world.dir/nix/store/prh85xff9skzl4idfajbbc7a27c6179x-pico-sdk-2.2.0/lib/pico-sdk/src/rp2_common/pico_crt0/crt0.S.o

.flash_end      0x10001d64       0x14
 *(.embedded_end_block*)
 .embedded_end_block
                0x10001d64       0x14 CMakeFiles/hello_world.dir/nix/store/prh85xff9skzl4idfajbbc7a27c6179x-pico-sdk-2.2.0/lib/pico-sdk/src/rp2_common/pico_crt0/crt0.S.o
                0x10001d78                        PROVIDE (__flash_binary_end = .)
                0x20080000                        __StackLimit = (ORIGIN (RAM) + LENGTH (RAM))
                0x20081000                        __StackOneTop = (ORIGIN (SCRATCH_X) + LENGTH (SCRATCH_X))
                0x20082000                        __StackTop = (ORIGIN (SCRATCH_Y) + LENGTH (SCRATCH_Y))
                0x20081000                        __StackOneBottom = (__StackOneTop - SIZEOF (.stack1_dummy))
                0x20081800                        __StackBottom = (__StackTop - SIZEOF (.stack_dummy))
                0x20082000                        PROVIDE (__stack = __StackTop)
                [!provide]                        PROVIDE (__heap_start = __end__)
                [!provide]                        PROVIDE (__heap_end = __HeapLimit)
                [!provide]                        PROVIDE (__tls_align = MAX (ALIGNOF (.tdata), ALIGNOF (.tbss)))
                [!provide]                        PROVIDE (__tls_size_align = (((__tls_size + __tls_align) - 0x1) & ~ ((__tls_align - 0x1))))
                [!provide]                        PROVIDE (__arm32_tls_tcb_offset = MAX (0x8, __tls_align))
                [!provide]                        PROVIDE (_end = __end__)
                [!provide]                        PROVIDE (__llvm_libc_heap_limit = __HeapLimit)
                0x00000001                        ASSERT ((__StackLimit >= __HeapLimit), region RAM overflowed)
                0x00000001                        ASSERT (((__binary_info_header_end - __logical_binary_start) <= 0x400), Binary info must be in first 1024 bytes of the binary)
                0x00000001                        ASSERT (((__embedded_block_end - __logical_binary_start) <= 0x1000), Embedded block must be in first 4096 bytes of the binary)
LOAD CMakeFiles/hello_world.dir/hello_world.c.o
LOAD CMakeFiles/hello_world.dir/nix/store/prh85xff9skzl4idfajbbc7a27c6179x-pico-sdk-2.2.0/lib/pico-sdk/src/rp2_common/pico_stdlib/stdlib.c.o
LOAD CMakeFiles/hello_world.dir/nix/store/prh85xff9skzl4idfajbbc7a27c6179x-pico-sdk-2.2.0/lib/pico-sdk/src/rp2_common/hardware_gpio/gpio.c.o
LOAD CMakeFiles/hello_world.dir/nix/store/prh85xff9skzl4idfajbbc7a27c6179x-pico-sdk-2.2.0/lib/pico-sdk/src/rp2350/pico_platform/platform.c.o
LOAD CMakeFiles/hello_world.dir/nix/store/prh85xff9skzl4idfajbbc7a27c6179x-pico-sdk-2.2.0/lib/pico-sdk/src/rp2_common/pico_platform_common/common.c.o
LOAD CMakeFiles/hello_world.dir/nix/store/prh85xff9skzl4idfajbbc7a27c6179x-pico-sdk-2.2.0/lib/pico-sdk/src/rp2_common/pico_platform_panic/panic.c.o
LOAD CMakeFiles/hello_world.dir/nix/store/prh85xff9skzl4idfajbbc7a27c6179x-pico-sdk-2.2.0/lib/pico-sdk/src/common/hardware_claim/claim.c.o
LOAD CMakeFiles/hello_world.dir/nix/store/prh85xff9skzl4idfajbbc7a27c6179x-pico-sdk-2.2.0/lib/pico-sdk/src/rp2_common/hardware_sync/sync.c.o
LOAD CMakeFiles/hello_world.dir/nix/store/prh85xff9skzl4idfajbbc7a27c6179x-pico-sdk-2.2.0/lib/pico-sdk/src/rp2_common/hardware_sync_spin_lock/sync_spin_lock.c.o
LOAD CMakeFiles/hello_world.dir/nix/store/prh85xff9skzl4idfajbbc7a27c6179x-pico-sdk-2.2.0/lib/pico-sdk/src/rp2_common/hardware_irq/irq.c.o
LOAD CMakeFiles/hello_world.dir/nix/store/prh85xff9skzl4idfajbbc7a27c6179x-pico-sdk-2.2.0/lib/pico-sdk/src/rp2_common/hardware_irq/irq_handler_chain.S.o
LOAD CMakeFiles/hello_world.dir/nix/store/prh85xff9skzl4idfajbbc7a27c6179x-pico-sdk-2.2.0/lib/pico-sdk/src/common/pico_sync/sem.c.o
LOAD CMakeFiles/hello_world.dir/nix/store/prh85xff9skzl4idfajbbc7a27c6179x-pico-sdk-2.2.0/lib/pico-sdk/src/common/pico_sync/lock_core.c.o
LOAD CMakeFiles/hello_world.dir/nix/store/prh85xff9skzl4idfajbbc7a27c6179x-pico-sdk-2.2.0/lib/pico-sdk/src/common/pico_sync/mutex.c.o
LOAD CMakeFiles/hello_world.dir/nix/store/prh85xff9skzl4idfajbbc7a27c6179x-pico-sdk-2.2.0/lib/pico-sdk/src/common/pico_sync/critical_section.c.o
LOAD CMakeFiles/hello_world.dir/nix/store/prh85xff9skzl4idfajbbc7a27c6179x-pico-sdk-2.2.0/lib/pico-sdk/src/common/pico_time/time.c.o
LOAD CMakeFiles/hello_world.dir/nix/store/prh85xff9skzl4idfajbbc7a27c6179x-pico-sdk-2.2.0/lib/pico-sdk/src/common/pico_time/timeout_helper.c.o
LOAD CMakeFiles/hello_world.dir/nix/store/prh85xff9skzl4idfajbbc7a27c6179x-pico-sdk-2.2.0/lib/pico-sdk/src/rp2_common/hardware_timer/timer.c.o
LOAD CMakeFiles/hello_world.dir/nix/store/prh85xff9skzl4idfajbbc7a27c6179x-pico-sdk-2.2.0/lib/pico-sdk/src/common/pico_util/datetime.c.o
LOAD CMakeFiles/hello_world.dir/nix/store/prh85xff9skzl4idfajbbc7a27c6179x-pico-sdk-2.2.0/lib/pico-sdk/src/common/pico_util/pheap.c.o
LOAD CMakeFiles/hello_world.dir/nix/store/prh85xff9skzl4idfajbbc7a27c6179x-pico-sdk-2.2.0/lib/pico-sdk/src/common/pico_util/queue.c.o
LOAD CMakeFiles/hello_world.dir/nix/store/prh85xff9skzl4idfajbbc7a27c6179x-pico-sdk-2.2.0/lib/pico-sdk/src/rp2_common/hardware_uart/uart.c.o
LOAD CMakeFiles/hello_world.dir/nix/store/prh85xff9skzl4idfajbbc7a27c6179x-pico-sdk-2.2.0/lib/pico-sdk/src/rp2_common/hardware_clocks/clocks.c.o
LOAD CMakeFiles/hello_world.dir/nix/store/prh85xff9skzl4idfajbbc7a27c6179x-pico-sdk-2.2.0/lib/pico-sdk/src/rp2_common/hardware_pll/pll.c.o
LOAD CMakeFiles/hello_world.dir/nix/store/prh85xff9skzl4idfajbbc7a27c6179x-pico-sdk-2.2.0/lib/pico-sdk/src/rp2_common/hardware_vreg/vreg.c.o
LOAD CMakeFiles/hello_world.dir/nix/store/prh85xff9skzl4idfajbbc7a27c6179x-pico-sdk-2.2.0/lib/pico-sdk/src/rp2_common/hardware_watchdog/watchdog.c.o
LOAD CMakeFiles/hello_world.dir/nix/store/prh85xff9skzl4idfajbbc7a27c6179x-pico-sdk-2.2.0/lib/pico-sdk/src/rp2_common/hardware_ticks/ticks.c.o
LOAD CMakeFiles/hello_world.dir/nix/store/prh85xff9skzl4idfajbbc7a27c6179x-pico-sdk-2.2.0/lib/pico-sdk/src/rp2_common/pico_bootrom/bootrom.c.o
LOAD CMakeFiles/hello_world.dir/nix/store/prh85xff9skzl4idfajbbc7a27c6179x-pico-sdk-2.2.0/lib/pico-sdk/src/rp2_common/pico_bootrom/bootrom_lock.c.o
LOAD CMakeFiles/hello_world.dir/nix/store/prh85xff9skzl4idfajbbc7a27c6179x-pico-sdk-2.2.0/lib/pico-sdk/src/rp2_common/hardware_boot_lock/boot_lock.c.o
LOAD CMakeFiles/hello_world.dir/nix/store/prh85xff9skzl4idfajbbc7a27c6179x-pico-sdk-2.2.0/lib/pico-sdk/src/rp2_common/pico_flash/flash.c.o
LOAD CMakeFiles/hello_world.dir/nix/store/prh85xff9skzl4idfajbbc7a27c6179x-pico-sdk-2.2.0/lib/pico-sdk/src/rp2_common/hardware_xosc/xosc.c.o
LOAD CMakeFiles/hello_world.dir/nix/store/prh85xff9skzl4idfajbbc7a27c6179x-pico-sdk-2.2.0/lib/pico-sdk/src/rp2_common/hardware_divider/divider.c.o
LOAD CMakeFiles/hello_world.dir/nix/store/prh85xff9skzl4idfajbbc7a27c6179x-pico-sdk-2.2.0/lib/pico-sdk/src/rp2_common/pico_runtime/runtime.c.o
LOAD CMakeFiles/hello_world.dir/nix/store/prh85xff9skzl4idfajbbc7a27c6179x-pico-sdk-2.2.0/lib/pico-sdk/src/rp2_common/pico_runtime_init/runtime_init.c.o
LOAD CMakeFiles/hello_world.dir/nix/store/prh85xff9skzl4idfajbbc7a27c6179x-pico-sdk-2.2.0/lib/pico-sdk/src/rp2_common/pico_runtime_init/runtime_init_clocks.c.o
LOAD CMakeFiles/hello_world.dir/nix/store/prh85xff9skzl4idfajbbc7a27c6179x-pico-sdk-2.2.0/lib/pico-sdk/src/rp2_common/pico_runtime_init/runtime_init_stack_guard.c.o
LOAD CMakeFiles/hello_world.dir/nix/store/prh85xff9skzl4idfajbbc7a27c6179x-pico-sdk-2.2.0/lib/pico-sdk/src/rp2_common/pico_bit_ops/bit_ops_aeabi.S.o
LOAD CMakeFiles/hello_world.dir/nix/store/prh85xff9skzl4idfajbbc7a27c6179x-pico-sdk-2.2.0/lib/pico-sdk/src/rp2_common/pico_divider/divider_compiler.c.o
LOAD CMakeFiles/hello_world.dir/nix/store/prh85xff9skzl4idfajbbc7a27c6179x-pico-sdk-2.2.0/lib/pico-sdk/src/rp2_common/pico_double/double_math.c.o
LOAD CMakeFiles/hello_world.dir/nix/store/prh85xff9skzl4idfajbbc7a27c6179x-pico-sdk-2.2.0/lib/pico-sdk/src/rp2_common/pico_double/double_aeabi_dcp.S.o
LOAD CMakeFiles/hello_world.dir/nix/store/prh85xff9skzl4idfajbbc7a27c6179x-pico-sdk-2.2.0/lib/pico-sdk/src/rp2_common/pico_double/double_fma_dcp.S.o
LOAD CMakeFiles/hello_world.dir/nix/store/prh85xff9skzl4idfajbbc7a27c6179x-pico-sdk-2.2.0/lib/pico-sdk/src/rp2_common/pico_double/double_sci_m33.S.o
LOAD CMakeFiles/hello_world.dir/nix/store/prh85xff9skzl4idfajbbc7a27c6179x-pico-sdk-2.2.0/lib/pico-sdk/src/rp2_common/pico_double/double_conv_m33.S.o
LOAD CMakeFiles/hello_world.dir/nix/store/prh85xff9skzl4idfajbbc7a27c6179x-pico-sdk-2.2.0/lib/pico-sdk/src/rp2_common/pico_float/float_math.c.o
LOAD CMakeFiles/hello_world.dir/nix/store/prh85xff9skzl4idfajbbc7a27c6179x-pico-sdk-2.2.0/lib/pico-sdk/src/rp2_common/pico_float/float_conv32_vfp.S.o
LOAD CMakeFiles/hello_world.dir/nix/store/prh85xff9skzl4idfajbbc7a27c6179x-pico-sdk-2.2.0/lib/pico-sdk/src/rp2_common/pico_float/float_common_m33.S.o
LOAD CMakeFiles/hello_world.dir/nix/store/prh85xff9skzl4idfajbbc7a27c6179x-pico-sdk-2.2.0/lib/pico-sdk/src/rp2_common/pico_float/float_sci_m33_vfp.S.o
LOAD CMakeFiles/hello_world.dir/nix/store/prh85xff9skzl4idfajbbc7a27c6179x-pico-sdk-2.2.0/lib/pico-sdk/src/rp2_common/pico_malloc/malloc.c.o
LOAD CMakeFiles/hello_world.dir/nix/store/prh85xff9skzl4idfajbbc7a27c6179x-pico-sdk-2.2.0/lib/pico-sdk/src/rp2_common/pico_atomic/atomic.c.o
LOAD CMakeFiles/hello_world.dir/nix/store/prh85xff9skzl4idfajbbc7a27c6179x-pico-sdk-2.2.0/lib/pico-sdk/src/rp2_common/pico_cxx_options/new_delete.cpp.o
LOAD CMakeFiles/hello_world.dir/nix/store/prh85xff9skzl4idfajbbc7a27c6179x-pico-sdk-2.2.0/lib/pico-sdk/src/rp2_common/pico_standard_binary_info/standard_binary_info.c.o
LOAD CMakeFiles/hello_world.dir/nix/store/prh85xff9skzl4idfajbbc7a27c6179x-pico-sdk-2.2.0/lib/pico-sdk/src/rp2_common/pico_printf/printf.c.o
LOAD CMakeFiles/hello_world.dir/nix/store/prh85xff9skzl4idfajbbc7a27c6179x-pico-sdk-2.2.0/lib/pico-sdk/src/rp2_common/pico_crt0/crt0.S.o
LOAD CMakeFiles/hello_world.dir/nix/store/prh85xff9skzl4idfajbbc7a27c6179x-pico-sdk-2.2.0/lib/pico-sdk/src/rp2_common/pico_clib_interface/newlib_interface.c.o
LOAD CMakeFiles/hello_world.dir/nix/store/prh85xff9skzl4idfajbbc7a27c6179x-pico-sdk-2.2.0/lib/pico-sdk/src/rp2_common/pico_stdio/stdio.c.o
LOAD CMakeFiles/hello_world.dir/nix/store/prh85xff9skzl4idfajbbc7a27c6179x-pico-sdk-2.2.0/lib/pico-sdk/src/rp2_common/pico_stdio_uart/stdio_uart.c.o
LOAD pico-sdk/src/rp2350/boot_stage2/CMakeFiles/bs2_default_library.dir/bs2_default_padded_checksummed.S.o
LOAD /nix/store/3y7lyg1ykgxhlb9sa5iy0gb8hnshb302-gcc-arm-embedded-15.2.rel1/bin/../lib/gcc/arm-none-eabi/15.2.1/../../../../arm-none-eabi/lib/thumb/v8-m.main+fp/softfp/libstdc++.a
LOAD /nix/store/3y7lyg1ykgxhlb9sa5iy0gb8hnshb302-gcc-arm-embedded-15.2.rel1/bin/../lib/gcc/arm-none-eabi/15.2.1/../../../../arm-none-eabi/lib/thumb/v8-m.main+fp/softfp/libm.a
START GROUP
LOAD /nix/store/3y7lyg1ykgxhlb9sa5iy0gb8hnshb302-gcc-arm-embedded-15.2.rel1/bin/../lib/gcc/arm-none-eabi/15.2.1/thumb/v8-m.main+fp/softfp/libgcc.a
LOAD /nix/store/3y7lyg1ykgxhlb9sa5iy0gb8hnshb302-gcc-arm-embedded-15.2.rel1/bin/../lib/gcc/arm-none-eabi/15.2.1/../../../../arm-none-eabi/lib/thumb/v8-m.main+fp/softfp/libg.a
LOAD /nix/store/3y7lyg1ykgxhlb9sa5iy0gb8hnshb302-gcc-arm-embedded-15.2.rel1/bin/../lib/gcc/arm-none-eabi/15.2.1/../../../../arm-none-eabi/lib/thumb/v8-m.main+fp/softfp/libc.a
END GROUP
START GROUP
LOAD /nix/store/3y7lyg1ykgxhlb9sa5iy0gb8hnshb302-gcc-arm-embedded-15.2.rel1/bin/../lib/gcc/arm-none-eabi/15.2.1/thumb/v8-m.main+fp/softfp/libgcc.a
LOAD /nix/store/3y7lyg1ykgxhlb9sa5iy0gb8hnshb302-gcc-arm-embedded-15.2.rel1/bin/../lib/gcc/arm-none-eabi/15.2.1/../../../../arm-none-eabi/lib/thumb/v8-m.main+fp/softfp/libc.a
LOAD /nix/store/3y7lyg1ykgxhlb9sa5iy0gb8hnshb302-gcc-arm-embedded-15.2.rel1/bin/../lib/gcc/arm-none-eabi/15.2.1/../../../../arm-none-eabi/lib/thumb/v8-m.main+fp/softfp/libnosys.a
END GROUP
LOAD /nix/store/3y7lyg1ykgxhlb9sa5iy0gb8hnshb302-gcc-arm-embedded-15.2.rel1/bin/../lib/gcc/arm-none-eabi/15.2.1/thumb/v8-m.main+fp/softfp/crtend.o
LOAD /nix/store/3y7lyg1ykgxhlb9sa5iy0gb8hnshb302-gcc-arm-embedded-15.2.rel1/bin/../lib/gcc/arm-none-eabi/15.2.1/thumb/v8-m.main+fp/softfp/crtn.o
OUTPUT(hello_world.elf elf32-littlearm)
LOAD linker stubs

.rel.dyn        0x10001d78        0x0
 .rel.iplt      0x10001d78        0x0 /nix/store/3y7lyg1ykgxhlb9sa5iy0gb8hnshb302-gcc-arm-embedded-15.2.rel1/bin/../lib/gcc/arm-none-eabi/15.2.1/thumb/v8-m.main+fp/softfp/crtbegin.o

.ARM.attributes
                0x00000000       0x34
 .ARM.attributes
                0x00000000       0x26 /nix/store/3y7lyg1ykgxhlb9sa5iy0gb8hnshb302-gcc-arm-embedded-15.2.rel1/bin/../lib/gcc/arm-none-eabi/15.2.1/thumb/v8-m.main+fp/softfp/crti.o
 .ARM.attributes
                0x00000026       0x36 /nix/store/3y7lyg1ykgxhlb9sa5iy0gb8hnshb302-gcc-arm-embedded-15.2.rel1/bin/../lib/gcc/arm-none-eabi/15.2.1/thumb/v8-m.main+fp/softfp/crtbegin.o
 .ARM.attributes
                0x0000005c       0x38 CMakeFiles/hello_world.dir/hello_world.c.o
 .ARM.attributes
                0x00000094       0x38 CMakeFiles/hello_world.dir/nix/store/prh85xff9skzl4idfajbbc7a27c6179x-pico-sdk-2.2.0/lib/pico-sdk/src/rp2_common/pico_stdlib/stdlib.c.o
 .ARM.attributes
                0x000000cc       0x38 CMakeFiles/hello_world.dir/nix/store/prh85xff9skzl4idfajbbc7a27c6179x-pico-sdk-2.2.0/lib/pico-sdk/src/rp2_common/hardware_gpio/gpio.c.o
 .ARM.attributes
                0x00000104       0x38 CMakeFiles/hello_world.dir/nix/store/prh85xff9skzl4idfajbbc7a27c6179x-pico-sdk-2.2.0/lib/pico-sdk/src/rp2_common/pico_platform_panic/panic.c.o
 .ARM.attributes
                0x0000013c       0x38 CMakeFiles/hello_world.dir/nix/store/prh85xff9skzl4idfajbbc7a27c6179x-pico-sdk-2.2.0/lib/pico-sdk/src/common/hardware_claim/claim.c.o
 .ARM.attributes
                0x00000174       0x38 CMakeFiles/hello_world.dir/nix/store/prh85xff9skzl4idfajbbc7a27c6179x-pico-sdk-2.2.0/lib/pico-sdk/src/rp2_common/hardware_sync/sync.c.o
 .ARM.attributes
                0x000001ac       0x38 CMakeFiles/hello_world.dir/nix/store/prh85xff9skzl4idfajbbc7a27c6179x-pico-sdk-2.2.0/lib/pico-sdk/src/rp2_common/hardware_sync_spin_lock/sync_spin_lock.c.o
 .ARM.attributes
                0x000001e4       0x38 CMakeFiles/hello_world.dir/nix/store/prh85xff9skzl4idfajbbc7a27c6179x-pico-sdk-2.2.0/lib/pico-sdk/src/rp2_common/hardware_irq/irq.c.o
 .ARM.attributes
                0x0000021c       0x28 CMakeFiles/hello_world.dir/nix/store/prh85xff9skzl4idfajbbc7a27c6179x-pico-sdk-2.2.0/lib/pico-sdk/src/rp2_common/hardware_irq/irq_handler_chain.S.o
 .ARM.attributes
                0x00000244       0x38 CMakeFiles/hello_world.dir/nix/store/prh85xff9skzl4idfajbbc7a27c6179x-pico-sdk-2.2.0/lib/pico-sdk/src/common/pico_sync/lock_core.c.o
 .ARM.attributes
                0x0000027c       0x38 CMakeFiles/hello_world.dir/nix/store/prh85xff9skzl4idfajbbc7a27c6179x-pico-sdk-2.2.0/lib/pico-sdk/src/common/pico_sync/mutex.c.o
 .ARM.attributes
                0x000002b4       0x38 CMakeFiles/hello_world.dir/nix/store/prh85xff9skzl4idfajbbc7a27c6179x-pico-sdk-2.2.0/lib/pico-sdk/src/common/pico_time/time.c.o
 .ARM.attributes
                0x000002ec       0x38 CMakeFiles/hello_world.dir/nix/store/prh85xff9skzl4idfajbbc7a27c6179x-pico-sdk-2.2.0/lib/pico-sdk/src/rp2_common/hardware_timer/timer.c.o
 .ARM.attributes
                0x00000324       0x38 CMakeFiles/hello_world.dir/nix/store/prh85xff9skzl4idfajbbc7a27c6179x-pico-sdk-2.2.0/lib/pico-sdk/src/rp2_common/hardware_uart/uart.c.o
 .ARM.attributes
                0x0000035c       0x38 CMakeFiles/hello_world.dir/nix/store/prh85xff9skzl4idfajbbc7a27c6179x-pico-sdk-2.2.0/lib/pico-sdk/src/rp2_common/hardware_clocks/clocks.c.o
 .ARM.attributes
                0x00000394       0x38 CMakeFiles/hello_world.dir/nix/store/prh85xff9skzl4idfajbbc7a27c6179x-pico-sdk-2.2.0/lib/pico-sdk/src/rp2_common/hardware_pll/pll.c.o
 .ARM.attributes
                0x000003cc       0x38 CMakeFiles/hello_world.dir/nix/store/prh85xff9skzl4idfajbbc7a27c6179x-pico-sdk-2.2.0/lib/pico-sdk/src/rp2_common/hardware_ticks/ticks.c.o
 .ARM.attributes
                0x00000404       0x38 CMakeFiles/hello_world.dir/nix/store/prh85xff9skzl4idfajbbc7a27c6179x-pico-sdk-2.2.0/lib/pico-sdk/src/rp2_common/pico_bootrom/bootrom.c.o
 .ARM.attributes
                0x0000043c       0x38 CMakeFiles/hello_world.dir/nix/store/prh85xff9skzl4idfajbbc7a27c6179x-pico-sdk-2.2.0/lib/pico-sdk/src/rp2_common/pico_bootrom/bootrom_lock.c.o
 .ARM.attributes
                0x00000474       0x38 CMakeFiles/hello_world.dir/nix/store/prh85xff9skzl4idfajbbc7a27c6179x-pico-sdk-2.2.0/lib/pico-sdk/src/rp2_common/hardware_boot_lock/boot_lock.c.o
 .ARM.attributes
                0x000004ac       0x38 CMakeFiles/hello_world.dir/nix/store/prh85xff9skzl4idfajbbc7a27c6179x-pico-sdk-2.2.0/lib/pico-sdk/src/rp2_common/hardware_xosc/xosc.c.o
 .ARM.attributes
                0x000004e4       0x38 CMakeFiles/hello_world.dir/nix/store/prh85xff9skzl4idfajbbc7a27c6179x-pico-sdk-2.2.0/lib/pico-sdk/src/rp2_common/pico_runtime/runtime.c.o
 .ARM.attributes
                0x0000051c       0x38 CMakeFiles/hello_world.dir/nix/store/prh85xff9skzl4idfajbbc7a27c6179x-pico-sdk-2.2.0/lib/pico-sdk/src/rp2_common/pico_runtime_init/runtime_init.c.o
 .ARM.attributes
                0x00000554       0x38 CMakeFiles/hello_world.dir/nix/store/prh85xff9skzl4idfajbbc7a27c6179x-pico-sdk-2.2.0/lib/pico-sdk/src/rp2_common/pico_runtime_init/runtime_init_clocks.c.o
 .ARM.attributes
                0x0000058c       0x38 CMakeFiles/hello_world.dir/nix/store/prh85xff9skzl4idfajbbc7a27c6179x-pico-sdk-2.2.0/lib/pico-sdk/src/rp2_common/pico_standard_binary_info/standard_binary_info.c.o
 .ARM.attributes
                0x000005c4       0x38 CMakeFiles/hello_world.dir/nix/store/prh85xff9skzl4idfajbbc7a27c6179x-pico-sdk-2.2.0/lib/pico-sdk/src/rp2_common/pico_printf/printf.c.o
 .ARM.attributes
                0x000005fc       0x28 CMakeFiles/hello_world.dir/nix/store/prh85xff9skzl4idfajbbc7a27c6179x-pico-sdk-2.2.0/lib/pico-sdk/src/rp2_common/pico_crt0/crt0.S.o
 .ARM.attributes
                0x00000624       0x38 CMakeFiles/hello_world.dir/nix/store/prh85xff9skzl4idfajbbc7a27c6179x-pico-sdk-2.2.0/lib/pico-sdk/src/rp2_common/pico_clib_interface/newlib_interface.c.o
 .ARM.attributes
                0x0000065c       0x38 CMakeFiles/hello_world.dir/nix/store/prh85xff9skzl4idfajbbc7a27c6179x-pico-sdk-2.2.0/lib/pico-sdk/src/rp2_common/pico_stdio/stdio.c.o
 .ARM.attributes
                0x00000694       0x38 CMakeFiles/hello_world.dir/nix/store/prh85xff9skzl4idfajbbc7a27c6179x-pico-sdk-2.2.0/lib/pico-sdk/src/rp2_common/pico_stdio_uart/stdio_uart.c.o
 .ARM.attributes
                0x000006cc       0x24 /nix/store/3y7lyg1ykgxhlb9sa5iy0gb8hnshb302-gcc-arm-embedded-15.2.rel1/bin/../lib/gcc/arm-none-eabi/15.2.1/../../../../arm-none-eabi/lib/thumb/v8-m.main+fp/softfp/libg.a(libc_a-memcpy.o)
 .ARM.attributes
                0x000006f0       0x36 /nix/store/3y7lyg1ykgxhlb9sa5iy0gb8hnshb302-gcc-arm-embedded-15.2.rel1/bin/../lib/gcc/arm-none-eabi/15.2.1/../../../../arm-none-eabi/lib/thumb/v8-m.main+fp/softfp/libg.a(libc_a-strlen-stub.o)
 .ARM.attributes
                0x00000726       0x36 /nix/store/3y7lyg1ykgxhlb9sa5iy0gb8hnshb302-gcc-arm-embedded-15.2.rel1/bin/../lib/gcc/arm-none-eabi/15.2.1/thumb/v8-m.main+fp/softfp/crtend.o

.comment        0x00000000       0x45
 .comment       0x00000000       0x45 CMakeFiles/hello_world.dir/hello_world.c.o
                                 0x46 (size before relaxing)
 .comment       0x00000045        0x0 CMakeFiles/hello_world.dir/nix/store/prh85xff9skzl4idfajbbc7a27c6179x-pico-sdk-2.2.0/lib/pico-sdk/src/rp2_common/pico_stdlib/stdlib.c.o
                                 0x46 (size before relaxing)
 .comment       0x00000045        0x0 CMakeFiles/hello_world.dir/nix/store/prh85xff9skzl4idfajbbc7a27c6179x-pico-sdk-2.2.0/lib/pico-sdk/src/rp2_common/hardware_gpio/gpio.c.o
                                 0x46 (size before relaxing)
 .comment       0x00000045        0x0 CMakeFiles/hello_world.dir/nix/store/prh85xff9skzl4idfajbbc7a27c6179x-pico-sdk-2.2.0/lib/pico-sdk/src/rp2_common/pico_platform_panic/panic.c.o
                                 0x46 (size before relaxing)
 .comment       0x00000045        0x0 CMakeFiles/hello_world.dir/nix/store/prh85xff9skzl4idfajbbc7a27c6179x-pico-sdk-2.2.0/lib/pico-sdk/src/common/hardware_claim/claim.c.o
                                 0x46 (size before relaxing)
 .comment       0x00000045        0x0 CMakeFiles/hello_world.dir/nix/store/prh85xff9skzl4idfajbbc7a27c6179x-pico-sdk-2.2.0/lib/pico-sdk/src/rp2_common/hardware_sync/sync.c.o
                                 0x46 (size before relaxing)
 .comment       0x00000045        0x0 CMakeFiles/hello_world.dir/nix/store/prh85xff9skzl4idfajbbc7a27c6179x-pico-sdk-2.2.0/lib/pico-sdk/src/rp2_common/hardware_sync_spin_lock/sync_spin_lock.c.o
                                 0x46 (size before relaxing)
 .comment       0x00000045        0x0 CMakeFiles/hello_world.dir/nix/store/prh85xff9skzl4idfajbbc7a27c6179x-pico-sdk-2.2.0/lib/pico-sdk/src/rp2_common/hardware_irq/irq.c.o
                                 0x46 (size before relaxing)
 .comment       0x00000045        0x0 CMakeFiles/hello_world.dir/nix/store/prh85xff9skzl4idfajbbc7a27c6179x-pico-sdk-2.2.0/lib/pico-sdk/src/common/pico_sync/lock_core.c.o
                                 0x46 (size before relaxing)
 .comment       0x00000045        0x0 CMakeFiles/hello_world.dir/nix/store/prh85xff9skzl4idfajbbc7a27c6179x-pico-sdk-2.2.0/lib/pico-sdk/src/common/pico_sync/mutex.c.o
                                 0x46 (size before relaxing)
 .comment       0x00000045        0x0 CMakeFiles/hello_world.dir/nix/store/prh85xff9skzl4idfajbbc7a27c6179x-pico-sdk-2.2.0/lib/pico-sdk/src/common/pico_time/time.c.o
                                 0x46 (size before relaxing)
 .comment       0x00000045        0x0 CMakeFiles/hello_world.dir/nix/store/prh85xff9skzl4idfajbbc7a27c6179x-pico-sdk-2.2.0/lib/pico-sdk/src/rp2_common/hardware_timer/timer.c.o
                                 0x46 (size before relaxing)
 .comment       0x00000045        0x0 CMakeFiles/hello_world.dir/nix/store/prh85xff9skzl4idfajbbc7a27c6179x-pico-sdk-2.2.0/lib/pico-sdk/src/rp2_common/hardware_uart/uart.c.o
                                 0x46 (size before relaxing)
 .comment       0x00000045        0x0 CMakeFiles/hello_world.dir/nix/store/prh85xff9skzl4idfajbbc7a27c6179x-pico-sdk-2.2.0/lib/pico-sdk/src/rp2_common/hardware_clocks/clocks.c.o
                                 0x46 (size before relaxing)
 .comment       0x00000045        0x0 CMakeFiles/hello_world.dir/nix/store/prh85xff9skzl4idfajbbc7a27c6179x-pico-sdk-2.2.0/lib/pico-sdk/src/rp2_common/hardware_pll/pll.c.o
                                 0x46 (size before relaxing)
 .comment       0x00000045        0x0 CMakeFiles/hello_world.dir/nix/store/prh85xff9skzl4idfajbbc7a27c6179x-pico-sdk-2.2.0/lib/pico-sdk/src/rp2_common/hardware_ticks/ticks.c.o
                                 0x46 (size before relaxing)
 .comment       0x00000045        0x0 CMakeFiles/hello_world.dir/nix/store/prh85xff9skzl4idfajbbc7a27c6179x-pico-sdk-2.2.0/lib/pico-sdk/src/rp2_common/pico_bootrom/bootrom.c.o
                                 0x46 (size before relaxing)
 .comment       0x00000045        0x0 CMakeFiles/hello_world.dir/nix/store/prh85xff9skzl4idfajbbc7a27c6179x-pico-sdk-2.2.0/lib/pico-sdk/src/rp2_common/pico_bootrom/bootrom_lock.c.o
                                 0x46 (size before relaxing)
 .comment       0x00000045        0x0 CMakeFiles/hello_world.dir/nix/store/prh85xff9skzl4idfajbbc7a27c6179x-pico-sdk-2.2.0/lib/pico-sdk/src/rp2_common/hardware_boot_lock/boot_lock.c.o
                                 0x46 (size before relaxing)
 .comment       0x00000045        0x0 CMakeFiles/hello_world.dir/nix/store/prh85xff9skzl4idfajbbc7a27c6179x-pico-sdk-2.2.0/lib/pico-sdk/src/rp2_common/hardware_xosc/xosc.c.o
                                 0x46 (size before relaxing)
 .comment       0x00000045        0x0 CMakeFiles/hello_world.dir/nix/store/prh85xff9skzl4idfajbbc7a27c6179x-pico-sdk-2.2.0/lib/pico-sdk/src/rp2_common/pico_runtime/runtime.c.o
                                 0x46 (size before relaxing)
 .comment       0x00000045        0x0 CMakeFiles/hello_world.dir/nix/store/prh85xff9skzl4idfajbbc7a27c6179x-pico-sdk-2.2.0/lib/pico-sdk/src/rp2_common/pico_runtime_init/runtime_init.c.o
                                 0x46 (size before relaxing)
 .comment       0x00000045        0x0 CMakeFiles/hello_world.dir/nix/store/prh85xff9skzl4idfajbbc7a27c6179x-pico-sdk-2.2.0/lib/pico-sdk/src/rp2_common/pico_runtime_init/runtime_init_clocks.c.o
                                 0x46 (size before relaxing)
 .comment       0x00000045        0x0 CMakeFiles/hello_world.dir/nix/store/prh85xff9skzl4idfajbbc7a27c6179x-pico-sdk-2.2.0/lib/pico-sdk/src/rp2_common/pico_standard_binary_info/standard_binary_info.c.o
                                 0x46 (size before relaxing)
 .comment       0x00000045        0x0 CMakeFiles/hello_world.dir/nix/store/prh85xff9skzl4idfajbbc7a27c6179x-pico-sdk-2.2.0/lib/pico-sdk/src/rp2_common/pico_printf/printf.c.o
                                 0x46 (size before relaxing)
 .comment       0x00000045        0x0 CMakeFiles/hello_world.dir/nix/store/prh85xff9skzl4idfajbbc7a27c6179x-pico-sdk-2.2.0/lib/pico-sdk/src/rp2_common/pico_clib_interface/newlib_interface.c.o
                                 0x46 (size before relaxing)
 .comment       0x00000045        0x0 CMakeFiles/hello_world.dir/nix/store/prh85xff9skzl4idfajbbc7a27c6179x-pico-sdk-2.2.0/lib/pico-sdk/src/rp2_common/pico_stdio/stdio.c.o
                                 0x46 (size before relaxing)
 .comment       0x00000045        0x0 CMakeFiles/hello_world.dir/nix/store/prh85xff9skzl4idfajbbc7a27c6179x-pico-sdk-2.2.0/lib/pico-sdk/src/rp2_common/pico_stdio_uart/stdio_uart.c.o
                                 0x46 (size before relaxing)

.debug_info     0x00000000    0x20180
 .debug_info    0x00000000       0xd1 CMakeFiles/hello_world.dir/hello_world.c.o
 .debug_info    0x000000d1       0xa4 CMakeFiles/hello_world.dir/nix/store/prh85xff9skzl4idfajbbc7a27c6179x-pico-sdk-2.2.0/lib/pico-sdk/src/rp2_common/pico_stdlib/stdlib.c.o
 .debug_info    0x00000175     0x234b CMakeFiles/hello_world.dir/nix/store/prh85xff9skzl4idfajbbc7a27c6179x-pico-sdk-2.2.0/lib/pico-sdk/src/rp2_common/hardware_gpio/gpio.c.o
 .debug_info    0x000024c0      0x1c4 CMakeFiles/hello_world.dir/nix/store/prh85xff9skzl4idfajbbc7a27c6179x-pico-sdk-2.2.0/lib/pico-sdk/src/rp2_common/pico_platform_panic/panic.c.o
 .debug_info    0x00002684      0xb42 CMakeFiles/hello_world.dir/nix/store/prh85xff9skzl4idfajbbc7a27c6179x-pico-sdk-2.2.0/lib/pico-sdk/src/common/hardware_claim/claim.c.o
 .debug_info    0x000031c6      0x477 CMakeFiles/hello_world.dir/nix/store/prh85xff9skzl4idfajbbc7a27c6179x-pico-sdk-2.2.0/lib/pico-sdk/src/rp2_common/hardware_sync/sync.c.o
 .debug_info    0x0000363d     0x1463 CMakeFiles/hello_world.dir/nix/store/prh85xff9skzl4idfajbbc7a27c6179x-pico-sdk-2.2.0/lib/pico-sdk/src/rp2_common/hardware_sync_spin_lock/sync_spin_lock.c.o
 .debug_info    0x00004aa0     0x257f CMakeFiles/hello_world.dir/nix/store/prh85xff9skzl4idfajbbc7a27c6179x-pico-sdk-2.2.0/lib/pico-sdk/src/rp2_common/hardware_irq/irq.c.o
 .debug_info    0x0000701f      0x18c CMakeFiles/hello_world.dir/nix/store/prh85xff9skzl4idfajbbc7a27c6179x-pico-sdk-2.2.0/lib/pico-sdk/src/common/pico_sync/lock_core.c.o
 .debug_info    0x000071ab     0x1dee CMakeFiles/hello_world.dir/nix/store/prh85xff9skzl4idfajbbc7a27c6179x-pico-sdk-2.2.0/lib/pico-sdk/src/common/pico_sync/mutex.c.o
 .debug_info    0x00008f99     0x5333 CMakeFiles/hello_world.dir/nix/store/prh85xff9skzl4idfajbbc7a27c6179x-pico-sdk-2.2.0/lib/pico-sdk/src/common/pico_time/time.c.o
 .debug_info    0x0000e2cc     0x2fd0 CMakeFiles/hello_world.dir/nix/store/prh85xff9skzl4idfajbbc7a27c6179x-pico-sdk-2.2.0/lib/pico-sdk/src/rp2_common/hardware_timer/timer.c.o
 .debug_info    0x0001129c     0x19c4 CMakeFiles/hello_world.dir/nix/store/prh85xff9skzl4idfajbbc7a27c6179x-pico-sdk-2.2.0/lib/pico-sdk/src/rp2_common/hardware_uart/uart.c.o
 .debug_info    0x00012c60     0x2874 CMakeFiles/hello_world.dir/nix/store/prh85xff9skzl4idfajbbc7a27c6179x-pico-sdk-2.2.0/lib/pico-sdk/src/rp2_common/hardware_clocks/clocks.c.o
 .debug_info    0x000154d4      0x510 CMakeFiles/hello_world.dir/nix/store/prh85xff9skzl4idfajbbc7a27c6179x-pico-sdk-2.2.0/lib/pico-sdk/src/rp2_common/hardware_pll/pll.c.o
 .debug_info    0x000159e4      0x271 CMakeFiles/hello_world.dir/nix/store/prh85xff9skzl4idfajbbc7a27c6179x-pico-sdk-2.2.0/lib/pico-sdk/src/rp2_common/hardware_ticks/ticks.c.o
 .debug_info    0x00015c55     0x1067 CMakeFiles/hello_world.dir/nix/store/prh85xff9skzl4idfajbbc7a27c6179x-pico-sdk-2.2.0/lib/pico-sdk/src/rp2_common/pico_bootrom/bootrom.c.o
 .debug_info    0x00016cbc      0x1c9 CMakeFiles/hello_world.dir/nix/store/prh85xff9skzl4idfajbbc7a27c6179x-pico-sdk-2.2.0/lib/pico-sdk/src/rp2_common/pico_bootrom/bootrom_lock.c.o
 .debug_info    0x00016e85      0x31b CMakeFiles/hello_world.dir/nix/store/prh85xff9skzl4idfajbbc7a27c6179x-pico-sdk-2.2.0/lib/pico-sdk/src/rp2_common/hardware_boot_lock/boot_lock.c.o
 .debug_info    0x000171a0      0x1b6 CMakeFiles/hello_world.dir/nix/store/prh85xff9skzl4idfajbbc7a27c6179x-pico-sdk-2.2.0/lib/pico-sdk/src/rp2_common/hardware_xosc/xosc.c.o
 .debug_info    0x00017356      0x213 CMakeFiles/hello_world.dir/nix/store/prh85xff9skzl4idfajbbc7a27c6179x-pico-sdk-2.2.0/lib/pico-sdk/src/rp2_common/pico_runtime/runtime.c.o
 .debug_info    0x00017569     0x1c36 CMakeFiles/hello_world.dir/nix/store/prh85xff9skzl4idfajbbc7a27c6179x-pico-sdk-2.2.0/lib/pico-sdk/src/rp2_common/pico_runtime_init/runtime_init.c.o
 .debug_info    0x0001919f      0x7ce CMakeFiles/hello_world.dir/nix/store/prh85xff9skzl4idfajbbc7a27c6179x-pico-sdk-2.2.0/lib/pico-sdk/src/rp2_common/pico_runtime_init/runtime_init_clocks.c.o
 .debug_info    0x0001996d      0x2bd CMakeFiles/hello_world.dir/nix/store/prh85xff9skzl4idfajbbc7a27c6179x-pico-sdk-2.2.0/lib/pico-sdk/src/rp2_common/pico_standard_binary_info/standard_binary_info.c.o
 .debug_info    0x00019c2a     0x22ce CMakeFiles/hello_world.dir/nix/store/prh85xff9skzl4idfajbbc7a27c6179x-pico-sdk-2.2.0/lib/pico-sdk/src/rp2_common/pico_printf/printf.c.o
 .debug_info    0x0001bef8       0x23 CMakeFiles/hello_world.dir/nix/store/prh85xff9skzl4idfajbbc7a27c6179x-pico-sdk-2.2.0/lib/pico-sdk/src/rp2_common/pico_crt0/crt0.S.o
 .debug_info    0x0001bf1b      0xc05 CMakeFiles/hello_world.dir/nix/store/prh85xff9skzl4idfajbbc7a27c6179x-pico-sdk-2.2.0/lib/pico-sdk/src/rp2_common/pico_clib_interface/newlib_interface.c.o
 .debug_info    0x0001cb20     0x1d7e CMakeFiles/hello_world.dir/nix/store/prh85xff9skzl4idfajbbc7a27c6179x-pico-sdk-2.2.0/lib/pico-sdk/src/rp2_common/pico_stdio/stdio.c.o
 .debug_info    0x0001e89e     0x18e2 CMakeFiles/hello_world.dir/nix/store/prh85xff9skzl4idfajbbc7a27c6179x-pico-sdk-2.2.0/lib/pico-sdk/src/rp2_common/pico_stdio_uart/stdio_uart.c.o

.debug_abbrev   0x00000000     0x5617
 .debug_abbrev  0x00000000       0x8c CMakeFiles/hello_world.dir/hello_world.c.o
 .debug_abbrev  0x0000008c       0x68 CMakeFiles/hello_world.dir/nix/store/prh85xff9skzl4idfajbbc7a27c6179x-pico-sdk-2.2.0/lib/pico-sdk/src/rp2_common/pico_stdlib/stdlib.c.o
 .debug_abbrev  0x000000f4      0x561 CMakeFiles/hello_world.dir/nix/store/prh85xff9skzl4idfajbbc7a27c6179x-pico-sdk-2.2.0/lib/pico-sdk/src/rp2_common/hardware_gpio/gpio.c.o
 .debug_abbrev  0x00000655      0x131 CMakeFiles/hello_world.dir/nix/store/prh85xff9skzl4idfajbbc7a27c6179x-pico-sdk-2.2.0/lib/pico-sdk/src/rp2_common/pico_platform_panic/panic.c.o
 .debug_abbrev  0x00000786      0x35d CMakeFiles/hello_world.dir/nix/store/prh85xff9skzl4idfajbbc7a27c6179x-pico-sdk-2.2.0/lib/pico-sdk/src/common/hardware_claim/claim.c.o
 .debug_abbrev  0x00000ae3      0x235 CMakeFiles/hello_world.dir/nix/store/prh85xff9skzl4idfajbbc7a27c6179x-pico-sdk-2.2.0/lib/pico-sdk/src/rp2_common/hardware_sync/sync.c.o
 .debug_abbrev  0x00000d18      0x274 CMakeFiles/hello_world.dir/nix/store/prh85xff9skzl4idfajbbc7a27c6179x-pico-sdk-2.2.0/lib/pico-sdk/src/rp2_common/hardware_sync_spin_lock/sync_spin_lock.c.o
 .debug_abbrev  0x00000f8c      0x65a CMakeFiles/hello_world.dir/nix/store/prh85xff9skzl4idfajbbc7a27c6179x-pico-sdk-2.2.0/lib/pico-sdk/src/rp2_common/hardware_irq/irq.c.o
 .debug_abbrev  0x000015e6      0x124 CMakeFiles/hello_world.dir/nix/store/prh85xff9skzl4idfajbbc7a27c6179x-pico-sdk-2.2.0/lib/pico-sdk/src/common/pico_sync/lock_core.c.o
 .debug_abbrev  0x0000170a      0x4a9 CMakeFiles/hello_world.dir/nix/store/prh85xff9skzl4idfajbbc7a27c6179x-pico-sdk-2.2.0/lib/pico-sdk/src/common/pico_sync/mutex.c.o
 .debug_abbrev  0x00001bb3      0x64a CMakeFiles/hello_world.dir/nix/store/prh85xff9skzl4idfajbbc7a27c6179x-pico-sdk-2.2.0/lib/pico-sdk/src/common/pico_time/time.c.o
 .debug_abbrev  0x000021fd      0x50c CMakeFiles/hello_world.dir/nix/store/prh85xff9skzl4idfajbbc7a27c6179x-pico-sdk-2.2.0/lib/pico-sdk/src/rp2_common/hardware_timer/timer.c.o
 .debug_abbrev  0x00002709      0x364 CMakeFiles/hello_world.dir/nix/store/prh85xff9skzl4idfajbbc7a27c6179x-pico-sdk-2.2.0/lib/pico-sdk/src/rp2_common/hardware_uart/uart.c.o
 .debug_abbrev  0x00002a6d      0x51c CMakeFiles/hello_world.dir/nix/store/prh85xff9skzl4idfajbbc7a27c6179x-pico-sdk-2.2.0/lib/pico-sdk/src/rp2_common/hardware_clocks/clocks.c.o
 .debug_abbrev  0x00002f89      0x19d CMakeFiles/hello_world.dir/nix/store/prh85xff9skzl4idfajbbc7a27c6179x-pico-sdk-2.2.0/lib/pico-sdk/src/rp2_common/hardware_pll/pll.c.o
 .debug_abbrev  0x00003126      0x14c CMakeFiles/hello_world.dir/nix/store/prh85xff9skzl4idfajbbc7a27c6179x-pico-sdk-2.2.0/lib/pico-sdk/src/rp2_common/hardware_ticks/ticks.c.o
 .debug_abbrev  0x00003272      0x478 CMakeFiles/hello_world.dir/nix/store/prh85xff9skzl4idfajbbc7a27c6179x-pico-sdk-2.2.0/lib/pico-sdk/src/rp2_common/pico_bootrom/bootrom.c.o
 .debug_abbrev  0x000036ea      0x101 CMakeFiles/hello_world.dir/nix/store/prh85xff9skzl4idfajbbc7a27c6179x-pico-sdk-2.2.0/lib/pico-sdk/src/rp2_common/pico_bootrom/bootrom_lock.c.o
 .debug_abbrev  0x000037eb      0x1e4 CMakeFiles/hello_world.dir/nix/store/prh85xff9skzl4idfajbbc7a27c6179x-pico-sdk-2.2.0/lib/pico-sdk/src/rp2_common/hardware_boot_lock/boot_lock.c.o
 .debug_abbrev  0x000039cf      0x10f CMakeFiles/hello_world.dir/nix/store/prh85xff9skzl4idfajbbc7a27c6179x-pico-sdk-2.2.0/lib/pico-sdk/src/rp2_common/hardware_xosc/xosc.c.o
 .debug_abbrev  0x00003ade      0x181 CMakeFiles/hello_world.dir/nix/store/prh85xff9skzl4idfajbbc7a27c6179x-pico-sdk-2.2.0/lib/pico-sdk/src/rp2_common/pico_runtime/runtime.c.o
 .debug_abbrev  0x00003c5f      0x327 CMakeFiles/hello_world.dir/nix/store/prh85xff9skzl4idfajbbc7a27c6179x-pico-sdk-2.2.0/lib/pico-sdk/src/rp2_common/pico_runtime_init/runtime_init.c.o
 .debug_abbrev  0x00003f86      0x2be CMakeFiles/hello_world.dir/nix/store/prh85xff9skzl4idfajbbc7a27c6179x-pico-sdk-2.2.0/lib/pico-sdk/src/rp2_common/pico_runtime_init/runtime_init_clocks.c.o
 .debug_abbrev  0x00004244       0xbe CMakeFiles/hello_world.dir/nix/store/prh85xff9skzl4idfajbbc7a27c6179x-pico-sdk-2.2.0/lib/pico-sdk/src/rp2_common/pico_standard_binary_info/standard_binary_info.c.o
 .debug_abbrev  0x00004302      0x510 CMakeFiles/hello_world.dir/nix/store/prh85xff9skzl4idfajbbc7a27c6179x-pico-sdk-2.2.0/lib/pico-sdk/src/rp2_common/pico_printf/printf.c.o
 .debug_abbrev  0x00004812       0x12 CMakeFiles/hello_world.dir/nix/store/prh85xff9skzl4idfajbbc7a27c6179x-pico-sdk-2.2.0/lib/pico-sdk/src/rp2_common/pico_crt0/crt0.S.o
 .debug_abbrev  0x00004824      0x361 CMakeFiles/hello_world.dir/nix/store/prh85xff9skzl4idfajbbc7a27c6179x-pico-sdk-2.2.0/lib/pico-sdk/src/rp2_common/pico_clib_interface/newlib_interface.c.o
 .debug_abbrev  0x00004b85      0x5fc CMakeFiles/hello_world.dir/nix/store/prh85xff9skzl4idfajbbc7a27c6179x-pico-sdk-2.2.0/lib/pico-sdk/src/rp2_common/pico_stdio/stdio.c.o
 .debug_abbrev  0x00005181      0x496 CMakeFiles/hello_world.dir/nix/store/prh85xff9skzl4idfajbbc7a27c6179x-pico-sdk-2.2.0/lib/pico-sdk/src/rp2_common/pico_stdio_uart/stdio_uart.c.o

.debug_aranges  0x00000000      0xb10
 .debug_aranges
                0x00000000       0x20 CMakeFiles/hello_world.dir/hello_world.c.o
 .debug_aranges
                0x00000020       0x20 CMakeFiles/hello_world.dir/nix/store/prh85xff9skzl4idfajbbc7a27c6179x-pico-sdk-2.2.0/lib/pico-sdk/src/rp2_common/pico_stdlib/stdlib.c.o
 .debug_aranges
                0x00000040      0x118 CMakeFiles/hello_world.dir/nix/store/prh85xff9skzl4idfajbbc7a27c6179x-pico-sdk-2.2.0/lib/pico-sdk/src/rp2_common/hardware_gpio/gpio.c.o
 .debug_aranges
                0x00000158       0x28 CMakeFiles/hello_world.dir/nix/store/prh85xff9skzl4idfajbbc7a27c6179x-pico-sdk-2.2.0/lib/pico-sdk/src/rp2_common/pico_platform_panic/panic.c.o
 .debug_aranges
                0x00000180       0x48 CMakeFiles/hello_world.dir/nix/store/prh85xff9skzl4idfajbbc7a27c6179x-pico-sdk-2.2.0/lib/pico-sdk/src/common/hardware_claim/claim.c.o
 .debug_aranges
                0x000001c8       0x48 CMakeFiles/hello_world.dir/nix/store/prh85xff9skzl4idfajbbc7a27c6179x-pico-sdk-2.2.0/lib/pico-sdk/src/rp2_common/hardware_sync/sync.c.o
 .debug_aranges
                0x00000210       0x30 CMakeFiles/hello_world.dir/nix/store/prh85xff9skzl4idfajbbc7a27c6179x-pico-sdk-2.2.0/lib/pico-sdk/src/rp2_common/hardware_sync_spin_lock/sync_spin_lock.c.o
 .debug_aranges
                0x00000240       0xb8 CMakeFiles/hello_world.dir/nix/store/prh85xff9skzl4idfajbbc7a27c6179x-pico-sdk-2.2.0/lib/pico-sdk/src/rp2_common/hardware_irq/irq.c.o
 .debug_aranges
                0x000002f8       0x20 CMakeFiles/hello_world.dir/nix/store/prh85xff9skzl4idfajbbc7a27c6179x-pico-sdk-2.2.0/lib/pico-sdk/src/common/pico_sync/lock_core.c.o
 .debug_aranges
                0x00000318       0x98 CMakeFiles/hello_world.dir/nix/store/prh85xff9skzl4idfajbbc7a27c6179x-pico-sdk-2.2.0/lib/pico-sdk/src/common/pico_sync/mutex.c.o
 .debug_aranges
                0x000003b0       0xe0 CMakeFiles/hello_world.dir/nix/store/prh85xff9skzl4idfajbbc7a27c6179x-pico-sdk-2.2.0/lib/pico-sdk/src/common/pico_time/time.c.o
 .debug_aranges
                0x00000490       0xf0 CMakeFiles/hello_world.dir/nix/store/prh85xff9skzl4idfajbbc7a27c6179x-pico-sdk-2.2.0/lib/pico-sdk/src/rp2_common/hardware_timer/timer.c.o
 .debug_aranges
                0x00000580       0x58 CMakeFiles/hello_world.dir/nix/store/prh85xff9skzl4idfajbbc7a27c6179x-pico-sdk-2.2.0/lib/pico-sdk/src/rp2_common/hardware_uart/uart.c.o
 .debug_aranges
                0x000005d8       0x90 CMakeFiles/hello_world.dir/nix/store/prh85xff9skzl4idfajbbc7a27c6179x-pico-sdk-2.2.0/lib/pico-sdk/src/rp2_common/hardware_clocks/clocks.c.o
 .debug_aranges
                0x00000668       0x28 CMakeFiles/hello_world.dir/nix/store/prh85xff9skzl4idfajbbc7a27c6179x-pico-sdk-2.2.0/lib/pico-sdk/src/rp2_common/hardware_pll/pll.c.o
 .debug_aranges
                0x00000690       0x30 CMakeFiles/hello_world.dir/nix/store/prh85xff9skzl4idfajbbc7a27c6179x-pico-sdk-2.2.0/lib/pico-sdk/src/rp2_common/hardware_ticks/ticks.c.o
 .debug_aranges
                0x000006c0       0x60 CMakeFiles/hello_world.dir/nix/store/prh85xff9skzl4idfajbbc7a27c6179x-pico-sdk-2.2.0/lib/pico-sdk/src/rp2_common/pico_bootrom/bootrom.c.o
 .debug_aranges
                0x00000720       0x20 CMakeFiles/hello_world.dir/nix/store/prh85xff9skzl4idfajbbc7a27c6179x-pico-sdk-2.2.0/lib/pico-sdk/src/rp2_common/pico_bootrom/bootrom_lock.c.o
 .debug_aranges
                0x00000740       0x30 CMakeFiles/hello_world.dir/nix/store/prh85xff9skzl4idfajbbc7a27c6179x-pico-sdk-2.2.0/lib/pico-sdk/src/rp2_common/hardware_boot_lock/boot_lock.c.o
 .debug_aranges
                0x00000770       0x30 CMakeFiles/hello_world.dir/nix/store/prh85xff9skzl4idfajbbc7a27c6179x-pico-sdk-2.2.0/lib/pico-sdk/src/rp2_common/hardware_xosc/xosc.c.o
 .debug_aranges
                0x000007a0       0x38 CMakeFiles/hello_world.dir/nix/store/prh85xff9skzl4idfajbbc7a27c6179x-pico-sdk-2.2.0/lib/pico-sdk/src/rp2_common/pico_runtime/runtime.c.o
 .debug_aranges
                0x000007d8       0x58 CMakeFiles/hello_world.dir/nix/store/prh85xff9skzl4idfajbbc7a27c6179x-pico-sdk-2.2.0/lib/pico-sdk/src/rp2_common/pico_runtime_init/runtime_init.c.o
 .debug_aranges
                0x00000830       0x20 CMakeFiles/hello_world.dir/nix/store/prh85xff9skzl4idfajbbc7a27c6179x-pico-sdk-2.2.0/lib/pico-sdk/src/rp2_common/pico_runtime_init/runtime_init_clocks.c.o
 .debug_aranges
                0x00000850       0x18 CMakeFiles/hello_world.dir/nix/store/prh85xff9skzl4idfajbbc7a27c6179x-pico-sdk-2.2.0/lib/pico-sdk/src/rp2_common/pico_standard_binary_info/standard_binary_info.c.o
 .debug_aranges
                0x00000868       0x90 CMakeFiles/hello_world.dir/nix/store/prh85xff9skzl4idfajbbc7a27c6179x-pico-sdk-2.2.0/lib/pico-sdk/src/rp2_common/pico_printf/printf.c.o
 .debug_aranges
                0x000008f8       0x28 CMakeFiles/hello_world.dir/nix/store/prh85xff9skzl4idfajbbc7a27c6179x-pico-sdk-2.2.0/lib/pico-sdk/src/rp2_common/pico_crt0/crt0.S.o
 .debug_aranges
                0x00000920       0xa8 CMakeFiles/hello_world.dir/nix/store/prh85xff9skzl4idfajbbc7a27c6179x-pico-sdk-2.2.0/lib/pico-sdk/src/rp2_common/pico_clib_interface/newlib_interface.c.o
 .debug_aranges
                0x000009c8       0xc8 CMakeFiles/hello_world.dir/nix/store/prh85xff9skzl4idfajbbc7a27c6179x-pico-sdk-2.2.0/lib/pico-sdk/src/rp2_common/pico_stdio/stdio.c.o
 .debug_aranges
                0x00000a90       0x80 CMakeFiles/hello_world.dir/nix/store/prh85xff9skzl4idfajbbc7a27c6179x-pico-sdk-2.2.0/lib/pico-sdk/src/rp2_common/pico_stdio_uart/stdio_uart.c.o

.debug_rnglists
                0x00000000     0x2ff0
 .debug_rnglists
                0x00000000       0x13 CMakeFiles/hello_world.dir/hello_world.c.o
 .debug_rnglists
                0x00000013       0x13 CMakeFiles/hello_world.dir/nix/store/prh85xff9skzl4idfajbbc7a27c6179x-pico-sdk-2.2.0/lib/pico-sdk/src/rp2_common/pico_stdlib/stdlib.c.o
 .debug_rnglists
                0x00000026      0x5cc CMakeFiles/hello_world.dir/nix/store/prh85xff9skzl4idfajbbc7a27c6179x-pico-sdk-2.2.0/lib/pico-sdk/src/rp2_common/hardware_gpio/gpio.c.o
 .debug_rnglists
                0x000005f2       0x19 CMakeFiles/hello_world.dir/nix/store/prh85xff9skzl4idfajbbc7a27c6179x-pico-sdk-2.2.0/lib/pico-sdk/src/rp2_common/pico_platform_panic/panic.c.o
 .debug_rnglists
                0x0000060b       0xe6 CMakeFiles/hello_world.dir/nix/store/prh85xff9skzl4idfajbbc7a27c6179x-pico-sdk-2.2.0/lib/pico-sdk/src/common/hardware_claim/claim.c.o
 .debug_rnglists
                0x000006f1       0x58 CMakeFiles/hello_world.dir/nix/store/prh85xff9skzl4idfajbbc7a27c6179x-pico-sdk-2.2.0/lib/pico-sdk/src/rp2_common/hardware_sync/sync.c.o
 .debug_rnglists
                0x00000749       0x43 CMakeFiles/hello_world.dir/nix/store/prh85xff9skzl4idfajbbc7a27c6179x-pico-sdk-2.2.0/lib/pico-sdk/src/rp2_common/hardware_sync_spin_lock/sync_spin_lock.c.o
 .debug_rnglists
                0x0000078c      0x391 CMakeFiles/hello_world.dir/nix/store/prh85xff9skzl4idfajbbc7a27c6179x-pico-sdk-2.2.0/lib/pico-sdk/src/rp2_common/hardware_irq/irq.c.o
 .debug_rnglists
                0x00000b1d       0x13 CMakeFiles/hello_world.dir/nix/store/prh85xff9skzl4idfajbbc7a27c6179x-pico-sdk-2.2.0/lib/pico-sdk/src/common/pico_sync/lock_core.c.o
 .debug_rnglists
                0x00000b30      0x2eb CMakeFiles/hello_world.dir/nix/store/prh85xff9skzl4idfajbbc7a27c6179x-pico-sdk-2.2.0/lib/pico-sdk/src/common/pico_sync/mutex.c.o
 .debug_rnglists
                0x00000e1b      0x929 CMakeFiles/hello_world.dir/nix/store/prh85xff9skzl4idfajbbc7a27c6179x-pico-sdk-2.2.0/lib/pico-sdk/src/common/pico_time/time.c.o
 .debug_rnglists
                0x00001744      0x413 CMakeFiles/hello_world.dir/nix/store/prh85xff9skzl4idfajbbc7a27c6179x-pico-sdk-2.2.0/lib/pico-sdk/src/rp2_common/hardware_timer/timer.c.o
 .debug_rnglists
                0x00001b57      0x23a CMakeFiles/hello_world.dir/nix/store/prh85xff9skzl4idfajbbc7a27c6179x-pico-sdk-2.2.0/lib/pico-sdk/src/rp2_common/hardware_uart/uart.c.o
 .debug_rnglists
                0x00001d91      0x619 CMakeFiles/hello_world.dir/nix/store/prh85xff9skzl4idfajbbc7a27c6179x-pico-sdk-2.2.0/lib/pico-sdk/src/rp2_common/hardware_clocks/clocks.c.o
 .debug_rnglists
                0x000023aa       0x59 CMakeFiles/hello_world.dir/nix/store/prh85xff9skzl4idfajbbc7a27c6179x-pico-sdk-2.2.0/lib/pico-sdk/src/rp2_common/hardware_pll/pll.c.o
 .debug_rnglists
                0x00002403       0x2b CMakeFiles/hello_world.dir/nix/store/prh85xff9skzl4idfajbbc7a27c6179x-pico-sdk-2.2.0/lib/pico-sdk/src/rp2_common/hardware_ticks/ticks.c.o
 .debug_rnglists
                0x0000242e      0x15d CMakeFiles/hello_world.dir/nix/store/prh85xff9skzl4idfajbbc7a27c6179x-pico-sdk-2.2.0/lib/pico-sdk/src/rp2_common/pico_bootrom/bootrom.c.o
 .debug_rnglists
                0x0000258b       0x13 CMakeFiles/hello_world.dir/nix/store/prh85xff9skzl4idfajbbc7a27c6179x-pico-sdk-2.2.0/lib/pico-sdk/src/rp2_common/pico_bootrom/bootrom_lock.c.o
 .debug_rnglists
                0x0000259e       0x4f CMakeFiles/hello_world.dir/nix/store/prh85xff9skzl4idfajbbc7a27c6179x-pico-sdk-2.2.0/lib/pico-sdk/src/rp2_common/hardware_boot_lock/boot_lock.c.o
 .debug_rnglists
                0x000025ed       0x2b CMakeFiles/hello_world.dir/nix/store/prh85xff9skzl4idfajbbc7a27c6179x-pico-sdk-2.2.0/lib/pico-sdk/src/rp2_common/hardware_xosc/xosc.c.o
 .debug_rnglists
                0x00002618       0x55 CMakeFiles/hello_world.dir/nix/store/prh85xff9skzl4idfajbbc7a27c6179x-pico-sdk-2.2.0/lib/pico-sdk/src/rp2_common/pico_runtime/runtime.c.o
 .debug_rnglists
                0x0000266d       0x79 CMakeFiles/hello_world.dir/nix/store/prh85xff9skzl4idfajbbc7a27c6179x-pico-sdk-2.2.0/lib/pico-sdk/src/rp2_common/pico_runtime_init/runtime_init.c.o
 .debug_rnglists
                0x000026e6       0x2c CMakeFiles/hello_world.dir/nix/store/prh85xff9skzl4idfajbbc7a27c6179x-pico-sdk-2.2.0/lib/pico-sdk/src/rp2_common/pico_runtime_init/runtime_init_clocks.c.o
 .debug_rnglists
                0x00002712      0x2f4 CMakeFiles/hello_world.dir/nix/store/prh85xff9skzl4idfajbbc7a27c6179x-pico-sdk-2.2.0/lib/pico-sdk/src/rp2_common/pico_printf/printf.c.o
 .debug_rnglists
                0x00002a06       0x1b CMakeFiles/hello_world.dir/nix/store/prh85xff9skzl4idfajbbc7a27c6179x-pico-sdk-2.2.0/lib/pico-sdk/src/rp2_common/pico_crt0/crt0.S.o
 .debug_rnglists
                0x00002a21       0xc4 CMakeFiles/hello_world.dir/nix/store/prh85xff9skzl4idfajbbc7a27c6179x-pico-sdk-2.2.0/lib/pico-sdk/src/rp2_common/pico_clib_interface/newlib_interface.c.o
 .debug_rnglists
                0x00002ae5      0x301 CMakeFiles/hello_world.dir/nix/store/prh85xff9skzl4idfajbbc7a27c6179x-pico-sdk-2.2.0/lib/pico-sdk/src/rp2_common/pico_stdio/stdio.c.o
 .debug_rnglists